Archive member included to satisfy reference by file (symbol)

/home/arduino/ArduinoApps/betaal/.cache/sketch/core/core.a(Print.cpp.o)
                              /home/arduino/ArduinoApps/betaal/.cache/sketch/sketch/sketch.ino.cpp.o (arduino::Print::print(char const*))
/home/arduino/ArduinoApps/betaal/.cache/sketch/core/core.a(Stream.cpp.o)
                              /home/arduino/ArduinoApps/betaal/.cache/sketch/sketch/sketch.ino.cpp.o (arduino::Stream::setTimeout(unsigned long))
/home/arduino/ArduinoApps/betaal/.cache/sketch/core/core.a(String.cpp.o)
                              /home/arduino/ArduinoApps/betaal/.cache/sketch/sketch/sketch.ino.cpp.o (arduino::String::String(arduino::String&&))
/home/arduino/ArduinoApps/betaal/.cache/sketch/core/core.a(itoa.cpp.o)
                              /home/arduino/ArduinoApps/betaal/.cache/sketch/core/core.a(String.cpp.o) (dtostrf)
/home/arduino/ArduinoApps/betaal/.cache/sketch/core/core.a(llext_wrappers.c.o)
                              /home/arduino/ArduinoApps/betaal/.cache/sketch/sketch/sketch.ino.cpp.o (memcpy)
/home/arduino/ArduinoApps/betaal/.cache/sketch/core/core.a(main.cpp.o)
                              (main)
/home/arduino/ArduinoApps/betaal/.cache/sketch/core/core.a(new.cpp.o)
                              /home/arduino/ArduinoApps/betaal/.cache/sketch/sketch/sketch.ino.cpp.o (operator new(unsigned int))
/home/arduino/ArduinoApps/betaal/.cache/sketch/core/core.a(threads.cpp.o)
                              /home/arduino/ArduinoApps/betaal/.cache/sketch/core/core.a(main.cpp.o) (start_static_threads())
/home/arduino/ArduinoApps/betaal/.cache/sketch/core/core.a(wiring_digital.cpp.o)
                              /home/arduino/ArduinoApps/betaal/.cache/sketch/sketch/sketch.ino.cpp.o (pinMode)
/home/arduino/ArduinoApps/betaal/.cache/sketch/core/core.a(zephyrCommon.cpp.o)
                              /home/arduino/ArduinoApps/betaal/.cache/sketch/sketch/sketch.ino.cpp.o (millis)
/home/arduino/ArduinoApps/betaal/.cache/sketch/core/core.a(zephyrPinctrl.cpp.o)
                              /home/arduino/ArduinoApps/betaal/.cache/sketch/libraries/Wire/Wire.cpp.o (zephyr::arduino::init_dev_apply_pinctrl(device const*))
/home/arduino/ArduinoApps/betaal/.cache/sketch/core/core.a(zephyrSerial.cpp.o)
                              /home/arduino/ArduinoApps/betaal/.cache/sketch/libraries/Arduino_RouterBridge/singletons.cpp.o (Serial2)
/home/arduino/.arduino15/packages/zephyr/tools/arm-zephyr-eabi/0.16.8/bin/../lib/gcc/arm-zephyr-eabi/12.2.0/../../../../arm-zephyr-eabi/lib/thumb/v8-m.main+fp/hard/libstdc++_nano.a(functexcept.o)
                              /home/arduino/ArduinoApps/betaal/.cache/sketch/sketch/sketch.ino.cpp.o (std::__throw_bad_alloc())

Discarded input sections

 .group         0x0000000000000000        0x8 /home/arduino/ArduinoApps/betaal/.cache/sketch/sketch/sketch.ino.cpp.o
 .group         0x0000000000000000        0x8 /home/arduino/ArduinoApps/betaal/.cache/sketch/sketch/sketch.ino.cpp.o
 .group         0x0000000000000000       0x10 /home/arduino/ArduinoApps/betaal/.cache/sketch/sketch/sketch.ino.cpp.o
 .group         0x0000000000000000       0x2c /home/arduino/ArduinoApps/betaal/.cache/sketch/sketch/sketch.ino.cpp.o
 .group         0x0000000000000000        0xc /home/arduino/ArduinoApps/betaal/.cache/sketch/sketch/sketch.ino.cpp.o
 .group         0x0000000000000000        0xc /home/arduino/ArduinoApps/betaal/.cache/sketch/sketch/sketch.ino.cpp.o
 .group         0x0000000000000000        0x8 /home/arduino/ArduinoApps/betaal/.cache/sketch/sketch/sketch.ino.cpp.o
 .group         0x0000000000000000        0x8 /home/arduino/ArduinoApps/betaal/.cache/sketch/sketch/sketch.ino.cpp.o
 .group         0x0000000000000000        0x8 /home/arduino/ArduinoApps/betaal/.cache/sketch/sketch/sketch.ino.cpp.o
 .group         0x0000000000000000        0xc /home/arduino/ArduinoApps/betaal/.cache/sketch/sketch/sketch.ino.cpp.o
 .group         0x0000000000000000        0xc /home/arduino/ArduinoApps/betaal/.cache/sketch/sketch/sketch.ino.cpp.o
 .group         0x0000000000000000        0xc /home/arduino/ArduinoApps/betaal/.cache/sketch/sketch/sketch.ino.cpp.o
 .group         0x0000000000000000        0x8 /home/arduino/ArduinoApps/betaal/.cache/sketch/sketch/sketch.ino.cpp.o
 .group         0x0000000000000000        0xc /home/arduino/ArduinoApps/betaal/.cache/sketch/sketch/sketch.ino.cpp.o
 .group         0x0000000000000000        0xc /home/arduino/ArduinoApps/betaal/.cache/sketch/sketch/sketch.ino.cpp.o
 .group         0x0000000000000000        0xc /home/arduino/ArduinoApps/betaal/.cache/sketch/sketch/sketch.ino.cpp.o
 .group         0x0000000000000000        0x8 /home/arduino/ArduinoApps/betaal/.cache/sketch/sketch/sketch.ino.cpp.o
 .group         0x0000000000000000        0xc /home/arduino/ArduinoApps/betaal/.cache/sketch/sketch/sketch.ino.cpp.o
[...]
Memory Configuration

Name             Origin             Length             Attributes
*default*        0x0000000000000000 0xffffffffffffffff

Linker script and memory map

LOAD /home/arduino/.arduino15/packages/zephyr/tools/arm-zephyr-eabi/0.16.8/bin/../lib/gcc/arm-zephyr-eabi/12.2.0/../../../../arm-zephyr-eabi/lib/thumb/v8-m.main+fp/hard/libstdc++_nano.a
LOAD /home/arduino/.arduino15/packages/zephyr/tools/arm-zephyr-eabi/0.16.8/bin/../lib/gcc/arm-zephyr-eabi/12.2.0/../../../../arm-zephyr-eabi/lib/thumb/v8-m.main+fp/hard/libsupc++_nano.a
LOAD /home/arduino/.arduino15/packages/zephyr/tools/arm-zephyr-eabi/0.16.8/bin/../lib/gcc/arm-zephyr-eabi/12.2.0/../../../../arm-zephyr-eabi/lib/thumb/v8-m.main+fp/hard/libnosys.a
LOAD /home/arduino/ArduinoApps/betaal/.cache/sketch/sketch/sketch.ino.cpp.o
LOAD /home/arduino/ArduinoApps/betaal/.cache/sketch/libraries/Wire/Wire.cpp.o
LOAD /home/arduino/ArduinoApps/betaal/.cache/sketch/libraries/Arduino_RouterBridge/singletons.cpp.o
LOAD /home/arduino/ArduinoApps/betaal/.cache/sketch/core/analogReference.cpp.o
LOAD /home/arduino/ArduinoApps/betaal/.cache/sketch/core/tls-syms.S.o
START GROUP
LOAD /home/arduino/ArduinoApps/betaal/.cache/sketch/core/core.a
LOAD /home/arduino/.arduino15/packages/zephyr/tools/arm-zephyr-eabi/0.16.8/bin/../lib/gcc/arm-zephyr-eabi/12.2.0/../../../../arm-zephyr-eabi/lib/thumb/v8-m.main+fp/hard/libstdc++_nano.a
LOAD /home/arduino/.arduino15/packages/zephyr/tools/arm-zephyr-eabi/0.16.8/bin/../lib/gcc/arm-zephyr-eabi/12.2.0/../../../../arm-zephyr-eabi/lib/thumb/v8-m.main+fp/hard/libsupc++_nano.a
LOAD /home/arduino/.arduino15/packages/zephyr/tools/arm-zephyr-eabi/0.16.8/bin/../lib/gcc/arm-zephyr-eabi/12.2.0/../../../../arm-zephyr-eabi/lib/thumb/v8-m.main+fp/hard/libm_nano.a
END GROUP

/DISCARD/
 *(.ARM.attributes)
 *(.ARM.attributes.*)
 *(.ARM.exidx)
 *(.ARM.exidx.*)
 *(.ARM.extidx)
 *(.ARM.extidx.*)
 *(.ARM.extab)
 *(.ARM.extab.*)
 *(.comment)
 *(.comment.*)
 *(.llvmbc)
 *(.llvmcmd)
 *(.eh_frame)
 *stdexcept.o()
 *eh_*.o()
 *cow-stdexcept.o()
 *cow-string-inst.o()

.text           0x0000000000000000     0x6014
 *(.text)
 *(.stub)
 *(.text*)
 .text._ZN15SerialTransport9availableEv
                0x0000000000000000       0x12 /home/arduino/ArduinoApps/betaal/.cache/sketch/sketch/sketch.ino.cpp.o
                0x0000000000000000                SerialTransport::available()
 .text._ZN15SerialTransport5writeEPKhj
                0x0000000000000012       0x10 /home/arduino/ArduinoApps/betaal/.cache/sketch/sketch/sketch.ino.cpp.o
                0x0000000000000012                SerialTransport::write(unsigned char const*, unsigned int)
 .text._ZN15SerialTransportD2Ev
                0x0000000000000022        0x2 /home/arduino/ArduinoApps/betaal/.cache/sketch/sketch/sketch.ino.cpp.o
                0x0000000000000022                SerialTransport::~SerialTransport()
                0x0000000000000022                SerialTransport::~SerialTransport()
 .text.k_yield  0x0000000000000024        0x8 /home/arduino/ArduinoApps/betaal/.cache/sketch/sketch/sketch.ino.cpp.o
 .text.k_mutex_lock
                0x000000000000002c        0x8 /home/arduino/ArduinoApps/betaal/.cache/sketch/sketch/sketch.ino.cpp.o
 .text.__tcf_0  0x0000000000000034       0x10 /home/arduino/ArduinoApps/betaal/.cache/sketch/sketch/sketch.ino.cpp.o
 .text._ZN15SerialTransport4readEPhj
                0x0000000000000044       0x28 /home/arduino/ArduinoApps/betaal/.cache/sketch/sketch/sketch.ino.cpp.o
                0x0000000000000044                SerialTransport::read(unsigned char*, unsigned int)
 .text._ZN15SerialTransport9read_byteERh
                0x000000000000006c       0x20 /home/arduino/ArduinoApps/betaal/.cache/sketch/sketch/sketch.ino.cpp.o
                0x000000000000006c                SerialTransport::read_byte(unsigned char&)
 .text._ZN15SerialTransportD0Ev
                0x000000000000008c       0x14 /home/arduino/ArduinoApps/betaal/.cache/sketch/sketch/sketch.ino.cpp.o
                0x000000000000008c                SerialTransport::~SerialTransport()
 .text._ZSt14__relocate_a_1IhhENSt9enable_ifIXsrSt24__is_bitwise_relocatableIT_vE5valueEPS2_E4typeES4_S4_S4_RSaIT0_E.isra.0
                0x00000000000000a0       0x20 /home/arduino/ArduinoApps/betaal/.cache/sketch/sketch/sketch.ino.cpp.o
 .text._ZNSt12_Vector_baseIhSaIhEE11_M_allocateEj.isra.0
                0x00000000000000c0       0x20 /home/arduino/ArduinoApps/betaal/.cache/sketch/sketch/sketch.ino.cpp.o
 .text.k_mutex_unlock.isra.0
                0x00000000000000e0        0x8 /home/arduino/ArduinoApps/betaal/.cache/sketch/sketch/sketch.ino.cpp.o
 .text.k_mutex_init.isra.0
                0x00000000000000e8        0x8 /home/arduino/ArduinoApps/betaal/.cache/sketch/sketch/sketch.ino.cpp.o
 .text.k_msleep.constprop.0.isra.0
                0x00000000000000f0        0xc /home/arduino/ArduinoApps/betaal/.cache/sketch/sketch/sketch.ino.cpp.o
 .text._ZN7arduino7msgpack8Unpacker11deserializeEv
                0x00000000000000fc       0x16 /home/arduino/ArduinoApps/betaal/.cache/sketch/sketch/sketch.ino.cpp.o
                0x00000000000000fc                arduino::msgpack::Unpacker::deserialize()
 .text._ZN7arduino7msgpack8Unpacker5clearEv
                0x0000000000000112       0x14 /home/arduino/ArduinoApps/betaal/.cache/sketch/sketch/sketch.ino.cpp.o
                0x0000000000000112                arduino::msgpack::Unpacker::clear()
 .text._ZNK7arduino7msgpack8Unpacker13getRawBytePtrEjj
                0x0000000000000126       0x1e /home/arduino/ArduinoApps/betaal/.cache/sketch/sketch/sketch.ino.cpp.o
                0x0000000000000126                arduino::msgpack::Unpacker::getRawBytePtr(unsigned int, unsigned int) const
 .text._ZN8RpcErrorC2Ev
                0x0000000000000144       0x2c /home/arduino/ArduinoApps/betaal/.cache/sketch/sketch/sketch.ino.cpp.o
                0x0000000000000144                RpcError::RpcError()
                0x0000000000000144                RpcError::RpcError()
 .text._ZN17RpcDecoderManager10getDecoderER10ITransport
                0x0000000000000170       0x7c /home/arduino/ArduinoApps/betaal/.cache/sketch/sketch/sketch.ino.cpp.o
                0x0000000000000170                RpcDecoderManager::getDecoder(ITransport&)
 .text._ZN17RpcDecoderManager11getInstanceEv
                0x00000000000001ec       0x30 /home/arduino/ArduinoApps/betaal/.cache/sketch/sketch/sketch.ino.cpp.o
                0x00000000000001ec                RpcDecoderManager::getInstance()
 .text._ZN7arduino7msgpack8UnpackerC2Ev
                0x000000000000021c       0x10 /home/arduino/ArduinoApps/betaal/.cache/sketch/sketch/sketch.ino.cpp.o
                0x000000000000021c                arduino::msgpack::Unpacker::Unpacker()
                0x000000000000021c                arduino::msgpack::Unpacker::Unpacker()
 .text._ZN10RPCRequestILj256EEC2Ev
                0x000000000000022c       0x4c /home/arduino/ArduinoApps/betaal/.cache/sketch/sketch/sketch.ino.cpp.o
                0x000000000000022c                RPCRequest<256u>::RPCRequest()
                0x000000000000022c                RPCRequest<256u>::RPCRequest()
 .text._ZN11BridgeClass10is_startedEv
                0x0000000000000278       0x2c /home/arduino/ArduinoApps/betaal/.cache/sketch/sketch/sketch.ino.cpp.o
                0x0000000000000278                BridgeClass::is_started()
 .text._ZNSt12_Vector_baseIhSaIhEED2Ev
                0x00000000000002a4       0x18 /home/arduino/ArduinoApps/betaal/.cache/sketch/sketch/sketch.ino.cpp.o
                0x00000000000002a4                std::_Vector_base<unsigned char, std::allocator<unsigned char> >::~_Vector_base()
                0x00000000000002a4                std::_Vector_base<unsigned char, std::allocator<unsigned char> >::~_Vector_base()
 .text.__tcf_2  0x00000000000002bc       0x14 /home/arduino/ArduinoApps/betaal/.cache/sketch/sketch/sketch.ino.cpp.o
 .text.__tcf_1  0x00000000000002d0       0x14 /home/arduino/ArduinoApps/betaal/.cache/sketch/sketch/sketch.ino.cpp.o
 .text._ZNSt6vectorIhSaIhEE14_M_move_assignEOS1_St17integral_constantIbLb1EE.isra.0
                0x00000000000002e4       0x34 /home/arduino/ArduinoApps/betaal/.cache/sketch/sketch/sketch.ino.cpp.o
 .text._ZNK7arduino7msgpack8Unpacker11getRawBytesIhEET_jj
                0x0000000000000318       0x1e /home/arduino/ArduinoApps/betaal/.cache/sketch/sketch/sketch.ino.cpp.o
                0x0000000000000318                unsigned char arduino::msgpack::Unpacker::getRawBytes<unsigned char>(unsigned int, unsigned int) const
 *fill*         0x0000000000000336        0x2 
 .text._ZNK7arduino7msgpack8Unpacker7getTypeEj
                0x0000000000000338       0x58 /home/arduino/ArduinoApps/betaal/.cache/sketch/sketch/sketch.ino.cpp.o
                0x0000000000000338                arduino::msgpack::Unpacker::getType(unsigned int) const
 .text._ZNK7arduino7msgpack8Unpacker7getTypeEv
                0x0000000000000390       0x10 /home/arduino/ArduinoApps/betaal/.cache/sketch/sketch/sketch.ino.cpp.o
                0x0000000000000390                arduino::msgpack::Unpacker::getType() const
 .text._ZN7arduino7msgpack8Unpacker11unpackInt32Ev
                0x00000000000003a0       0x58 /home/arduino/ArduinoApps/betaal/.cache/sketch/sketch/sketch.ino.cpp.o
                0x00000000000003a0                arduino::msgpack::Unpacker::unpackInt32()
 .text._ZN7arduino7msgpack8Unpacker11unpackInt64Ev
                0x00000000000003f8       0x60 /home/arduino/ArduinoApps/betaal/.cache/sketch/sketch/sketch.ino.cpp.o
                0x00000000000003f8                arduino::msgpack::Unpacker::unpackInt64()
 .text._ZN7arduino7msgpack8Unpacker9unpackNilEv
                0x0000000000000458       0x3c /home/arduino/ArduinoApps/betaal/.cache/sketch/sketch/sketch.ino.cpp.o
                0x0000000000000458                arduino::msgpack::Unpacker::unpackNil()
 .text._ZNK7arduino7msgpack8Unpacker7isArrayEv
                0x0000000000000494       0x20 /home/arduino/ArduinoApps/betaal/.cache/sketch/sketch/sketch.ino.cpp.o
                0x0000000000000494                arduino::msgpack::Unpacker::isArray() const
 .text._ZNK7arduino7msgpack8Unpacker5isMapEv
                0x00000000000004b4       0x20 /home/arduino/ArduinoApps/betaal/.cache/sketch/sketch/sketch.ino.cpp.o
                0x00000000000004b4                arduino::msgpack::Unpacker::isMap() const
 .text._ZN7arduino7msgpack8Unpacker11unpackInt16Ev
                0x00000000000004d4       0x4c /home/arduino/ArduinoApps/betaal/.cache/sketch/sketch/sketch.ino.cpp.o
                0x00000000000004d4                arduino::msgpack::Unpacker::unpackInt16()
 .text._ZN7arduino7msgpack8Unpacker13unpackFloat32Ev
                0x0000000000000520       0x60 /home/arduino/ArduinoApps/betaal/.cache/sketch/sketch/sketch.ino.cpp.o
                0x0000000000000520                arduino::msgpack::Unpacker::unpackFloat32()
 .text._ZN7arduino7msgpack8Unpacker13unpackFloat64Ev
                0x0000000000000580       0x6c /home/arduino/ArduinoApps/betaal/.cache/sketch/sketch/sketch.ino.cpp.o
                0x0000000000000580                arduino::msgpack::Unpacker::unpackFloat64()
 .text._ZN7arduino7msgpack8Unpacker10unpackInt5Ev
                0x00000000000005ec       0x4c /home/arduino/ArduinoApps/betaal/.cache/sketch/sketch/sketch.ino.cpp.o
                0x00000000000005ec                arduino::msgpack::Unpacker::unpackInt5()
 .text._ZN7arduino7msgpack8Unpacker11unpackUInt7Ev
                0x0000000000000638       0x48 /home/arduino/ArduinoApps/betaal/.cache/sketch/sketch/sketch.ino.cpp.o
                0x0000000000000638                arduino::msgpack::Unpacker::unpackUInt7()
 .text._ZN7arduino7msgpack8Unpacker11unpackUInt8Ev
                0x0000000000000680       0x48 /home/arduino/ArduinoApps/betaal/.cache/sketch/sketch/sketch.ino.cpp.o
                0x0000000000000680                arduino::msgpack::Unpacker::unpackUInt8()
 .text._ZNK7arduino7msgpack8Unpacker11getRawBytesItEET_jj
                0x00000000000006c8       0x26 /home/arduino/ArduinoApps/betaal/.cache/sketch/sketch/sketch.ino.cpp.o
                0x00000000000006c8                unsigned short arduino::msgpack::Unpacker::getRawBytes<unsigned short>(unsigned int, unsigned int) const
 *fill*         0x00000000000006ee        0x2 
 .text._ZN7arduino7msgpack8Unpacker12unpackUInt16Ev
                0x00000000000006f0       0x48 /home/arduino/ArduinoApps/betaal/.cache/sketch/sketch/sketch.ino.cpp.o
                0x00000000000006f0                arduino::msgpack::Unpacker::unpackUInt16()
 .text._ZNK7arduino7msgpack8Unpacker11getRawBytesIjEET_jj
                0x0000000000000738       0x34 /home/arduino/ArduinoApps/betaal/.cache/sketch/sketch/sketch.ino.cpp.o
                0x0000000000000738                unsigned int arduino::msgpack::Unpacker::getRawBytes<unsigned int>(unsigned int, unsigned int) const
 .text._ZNK7arduino7msgpack8Unpacker14getElementSizeEj
                0x000000000000076c      0x11c /home/arduino/ArduinoApps/betaal/.cache/sketch/sketch/sketch.ino.cpp.o
                0x000000000000076c                arduino::msgpack::Unpacker::getElementSize(unsigned int) const
 .text._ZN7arduino7msgpack8Unpacker15unpackArraySizeEv
                0x0000000000000888       0x78 /home/arduino/ArduinoApps/betaal/.cache/sketch/sketch/sketch.ino.cpp.o
                0x0000000000000888                arduino::msgpack::Unpacker::unpackArraySize()
 .text._ZN7arduino7msgpack8Unpacker12unpackUInt32Ev
                0x0000000000000900       0x48 /home/arduino/ArduinoApps/betaal/.cache/sketch/sketch/sketch.ino.cpp.o
                0x0000000000000900                arduino::msgpack::Unpacker::unpackUInt32()
 .text._ZN7arduino7msgpack8Unpacker13unpackMapSizeEv
                0x0000000000000948       0x78 /home/arduino/ArduinoApps/betaal/.cache/sketch/sketch/sketch.ino.cpp.o
                0x0000000000000948                arduino::msgpack::Unpacker::unpackMapSize()
 .text._ZNK7arduino7msgpack8Unpacker11getRawBytesIyEET_jj
                0x00000000000009c0       0x3a /home/arduino/ArduinoApps/betaal/.cache/sketch/sketch/sketch.ino.cpp.o
                0x00000000000009c0                unsigned long long arduino::msgpack::Unpacker::getRawBytes<unsigned long long>(unsigned int, unsigned int) const
 *fill*         0x00000000000009fa        0x2 
 .text._ZN7arduino7msgpack8Unpacker12unpackUInt64Ev
                0x00000000000009fc       0x4c /home/arduino/ArduinoApps/betaal/.cache/sketch/sketch/sketch.ino.cpp.o
                0x00000000000009fc                arduino::msgpack::Unpacker::unpackUInt64()
 .text._ZNK7arduino7msgpack8Unpacker11getRawBytesIaEET_jj
                0x0000000000000a48       0x1e /home/arduino/ArduinoApps/betaal/.cache/sketch/sketch/sketch.ino.cpp.o
                0x0000000000000a48                signed char arduino::msgpack::Unpacker::getRawBytes<signed char>(unsigned int, unsigned int) const
 *fill*         0x0000000000000a66        0x2 
 .text._ZN7arduino7msgpack8Unpacker10unpackInt8Ev
                0x0000000000000a68       0x48 /home/arduino/ArduinoApps/betaal/.cache/sketch/sketch/sketch.ino.cpp.o
                0x0000000000000a68                arduino::msgpack::Unpacker::unpackInt8()
 .text._ZNK7arduino7msgpack8Unpacker13isTimestamp32Ev
                0x0000000000000ab0       0x2c /home/arduino/ArduinoApps/betaal/.cache/sketch/sketch/sketch.ino.cpp.o
                0x0000000000000ab0                arduino::msgpack::Unpacker::isTimestamp32() const
 .text._ZNK7arduino7msgpack8Unpacker13isTimestamp64Ev
                0x0000000000000adc       0x2c /home/arduino/ArduinoApps/betaal/.cache/sketch/sketch/sketch.ino.cpp.o
                0x0000000000000adc                arduino::msgpack::Unpacker::isTimestamp64() const
 .text._ZNK7arduino7msgpack8Unpacker13isTimestamp96Ev
                0x0000000000000b08       0x40 /home/arduino/ArduinoApps/betaal/.cache/sketch/sketch/sketch.ino.cpp.o
                0x0000000000000b08                arduino::msgpack::Unpacker::isTimestamp96() const
 .text._ZNK7arduino7msgpack8Unpacker11getRawBytesIcEET_jj
                0x0000000000000b48       0x1e /home/arduino/ArduinoApps/betaal/.cache/sketch/sketch/sketch.ino.cpp.o
                0x0000000000000b48                char arduino::msgpack::Unpacker::getRawBytes<char>(unsigned int, unsigned int) const
 *fill*         0x0000000000000b66        0x2 
 .text._ZN7arduino7msgpack8Unpacker11deserializeINS0_4type9ArraySizeEJEEEbRT_DpOT0_
                0x0000000000000b68       0x40 /home/arduino/ArduinoApps/betaal/.cache/sketch/sketch/sketch.ino.cpp.o
                0x0000000000000b68                bool arduino::msgpack::Unpacker::deserialize<arduino::msgpack::type::ArraySize>(arduino::msgpack::type::ArraySize&)
 .text._ZN7arduino7msgpack8Unpacker11deserializeINS0_6object5nil_tEJEEEbRT_DpOT0_
                0x0000000000000ba8       0x40 /home/arduino/ArduinoApps/betaal/.cache/sketch/sketch/sketch.ino.cpp.o
                0x0000000000000ba8                bool arduino::msgpack::Unpacker::deserialize<arduino::msgpack::object::nil_t>(arduino::msgpack::object::nil_t&)
 .text._ZN7arduino7msgpack8Unpacker11deserializeIbJEEEbRT_DpOT0_
                0x0000000000000be8       0x68 /home/arduino/ArduinoApps/betaal/.cache/sketch/sketch/sketch.ino.cpp.o
                0x0000000000000be8                bool arduino::msgpack::Unpacker::deserialize<bool>(bool&)
 .text._ZN7arduino7msgpack8Unpacker11deserializeINS_6StringEJEEEbRT_DpOT0_
                0x0000000000000c50      0x174 /home/arduino/ArduinoApps/betaal/.cache/sketch/sketch/sketch.ino.cpp.o
                0x0000000000000c50                bool arduino::msgpack::Unpacker::deserialize<arduino::String>(arduino::String&)
 .text._ZN7arduino7msgpack8Unpacker11deserializeINS0_6object8timespecEJEEEbRT_DpOT0_
                0x0000000000000dc4       0xc4 /home/arduino/ArduinoApps/betaal/.cache/sketch/sketch/sketch.ino.cpp.o
                0x0000000000000dc4                bool arduino::msgpack::Unpacker::deserialize<arduino::msgpack::object::timespec>(arduino::msgpack::object::timespec&)
 .text._ZNSt12_Vector_baseIjSaIjEED2Ev
                0x0000000000000e88       0x18 /home/arduino/ArduinoApps/betaal/.cache/sketch/sketch/sketch.ino.cpp.o
                0x0000000000000e88                std::_Vector_base<unsigned int, std::allocator<unsigned int> >::~_Vector_base()
                0x0000000000000e88                std::_Vector_base<unsigned int, std::allocator<unsigned int> >::~_Vector_base()
 .text._ZN10RPCRequestILj256EED2Ev
                0x0000000000000ea0       0x2c /home/arduino/ArduinoApps/betaal/.cache/sketch/sketch/sketch.ino.cpp.o
                0x0000000000000ea0                RPCRequest<256u>::~RPCRequest()
                0x0000000000000ea0                RPCRequest<256u>::~RPCRequest()
 .text._ZNSt6vectorIjSaIjEE17_M_realloc_insertIJRjEEEvN9__gnu_cxx17__normal_iteratorIPjS1_EEDpOT_
                0x0000000000000ecc       0xdc /home/arduino/ArduinoApps/betaal/.cache/sketch/sketch/sketch.ino.cpp.o
                0x0000000000000ecc                void std::vector<unsigned int, std::allocator<unsigned int> >::_M_realloc_insert<unsigned int&>(__gnu_cxx::__normal_iterator<unsigned int*, std::vector<unsigned int, std::allocator<unsigned int> > >, unsigned int&)
 .text._ZN7arduino7msgpack8Unpacker4feedEPKhj
                0x0000000000000fa8       0x78 /home/arduino/ArduinoApps/betaal/.cache/sketch/sketch/sketch.ino.cpp.o
                0x0000000000000fa8                arduino::msgpack::Unpacker::feed(unsigned char const*, unsigned int)
 .text._ZN7RpcCallIJEE8setErrorEiN7arduino6StringE
                0x0000000000001020       0x40 /home/arduino/ArduinoApps/betaal/.cache/sketch/sketch/sketch.ino.cpp.o
                0x0000000000001020                RpcCall<>::setError(int, arduino::String)
 .text._ZN7RpcCallIJEEC2ERKN7arduino6StringEP9RPCClientP7k_mutexS8_
                0x0000000000001060       0x7c /home/arduino/ArduinoApps/betaal/.cache/sketch/sketch/sketch.ino.cpp.o
                0x0000000000001060                RpcCall<>::RpcCall(arduino::String const&, RPCClient*, k_mutex*, k_mutex*)
                0x0000000000001060                RpcCall<>::RpcCall(arduino::String const&, RPCClient*, k_mutex*, k_mutex*)
 .text._ZN7RpcCallIJEE6resultIbEEbRT_.part.0
                0x00000000000010dc       0x34 /home/arduino/ArduinoApps/betaal/.cache/sketch/sketch/sketch.ino.cpp.o
 .text._ZN7RpcCallIJEE7isErrorEv
                0x0000000000001110       0x34 /home/arduino/ArduinoApps/betaal/.cache/sketch/sketch/sketch.ino.cpp.o
                0x0000000000001110                RpcCall<>::isError()
 .text._ZNKSt6vectorIhSaIhEE12_M_check_lenEjPKc
                0x0000000000001144       0x38 /home/arduino/ArduinoApps/betaal/.cache/sketch/sketch/sketch.ino.cpp.o
                0x0000000000001144                std::vector<unsigned char, std::allocator<unsigned char> >::_M_check_len(unsigned int, char const*) const
 .text._ZNSt6vectorIhSaIhEE12emplace_backIJhEEERhDpOT_.isra.0
                0x000000000000117c       0x90 /home/arduino/ArduinoApps/betaal/.cache/sketch/sketch/sketch.ino.cpp.o
 .text._ZN7arduino7msgpack6Packer11packRawByteERKNS0_4TypeE.isra.0
                0x000000000000120c       0x18 /home/arduino/ArduinoApps/betaal/.cache/sketch/sketch/sketch.ino.cpp.o
 .text._ZNSt6vectorIhSaIhEE12emplace_backIJRKhEEERhDpOT_.isra.0
                0x0000000000001224       0x90 /home/arduino/ArduinoApps/betaal/.cache/sketch/sketch/sketch.ino.cpp.o
 .text._ZN7arduino7msgpack6Packer9packUInt8Eh
                0x00000000000012b4       0x2c /home/arduino/ArduinoApps/betaal/.cache/sketch/sketch/sketch.ino.cpp.o
                0x00000000000012b4                arduino::msgpack::Packer::packUInt8(unsigned char)
 .text._ZNSt6vectorIhSaIhEE12emplace_backIJRhEEES3_DpOT_.isra.0
                0x00000000000012e0       0x90 /home/arduino/ArduinoApps/betaal/.cache/sketch/sketch/sketch.ino.cpp.o
 .text._ZN7arduino7msgpack6Packer15packRawReversedIjEEvRKT_
                0x0000000000001370       0x1c /home/arduino/ArduinoApps/betaal/.cache/sketch/sketch/sketch.ino.cpp.o
                0x0000000000001370                void arduino::msgpack::Packer::packRawReversed<unsigned int>(unsigned int const&)
 .text._ZN7arduino7msgpack6Packer10packUInt32Ej
                0x000000000000138c       0x28 /home/arduino/ArduinoApps/betaal/.cache/sketch/sketch/sketch.ino.cpp.o
                0x000000000000138c                arduino::msgpack::Packer::packUInt32(unsigned int)
 .text._ZN7arduino7msgpack6Packer15packRawReversedItEEvRKT_
                0x00000000000013b4       0x1c /home/arduino/ArduinoApps/betaal/.cache/sketch/sketch/sketch.ino.cpp.o
                0x00000000000013b4                void arduino::msgpack::Packer::packRawReversed<unsigned short>(unsigned short const&)
 .text._ZN7arduino7msgpack6Packer13packArraySizeEj
                0x00000000000013d0       0x58 /home/arduino/ArduinoApps/betaal/.cache/sketch/sketch/sketch.ino.cpp.o
                0x00000000000013d0                arduino::msgpack::Packer::packArraySize(unsigned int)
 .text._ZN7arduino7msgpack6Packer10packUInt16Et
                0x0000000000001428       0x2c /home/arduino/ArduinoApps/betaal/.cache/sketch/sketch/sketch.ino.cpp.o
                0x0000000000001428                arduino::msgpack::Packer::packUInt16(unsigned short)
 .text._ZN7arduino7msgpack6Packer11packIntegerIjEENSt9enable_ifIXaaaaaasrSt13is_arithmeticIT_E5valuesrSt11is_integralIS5_E5valuentsrSt7is_sameIS5_bE5valuentsrS9_INSt9remove_cvIS5_E4typeEPcE5valueEvE4typeERKS5_.isra.0
                0x0000000000001454       0x50 /home/arduino/ArduinoApps/betaal/.cache/sketch/sketch/sketch.ino.cpp.o
 .text._ZN7arduino7msgpack6Packer11packIntegerIiEENSt9enable_ifIXaaaaaasrSt13is_arithmeticIT_E5valuesrSt11is_integralIS5_E5valuentsrSt7is_sameIS5_bE5valuentsrS9_INSt9remove_cvIS5_E4typeEPcE5valueEvE4typeERKS5_.isra.0
                0x00000000000014a4       0xb8 /home/arduino/ArduinoApps/betaal/.cache/sketch/sketch/sketch.ino.cpp.o
 .text._ZN7arduino7msgpack6Packer12packRawBytesEPKcj
                0x000000000000155c       0x9c /home/arduino/ArduinoApps/betaal/.cache/sketch/sketch/sketch.ino.cpp.o
                0x000000000000155c                arduino::msgpack::Packer::packRawBytes(char const*, unsigned int)
 .text._ZN7arduino7msgpack6Packer4packERKNS_6StringE
                0x00000000000015f8       0x7c /home/arduino/ArduinoApps/betaal/.cache/sketch/sketch/sketch.ino.cpp.o
                0x00000000000015f8                arduino::msgpack::Packer::pack(arduino::String const&)
 .text._ZN7arduino7msgpack8Unpacker9unpackIntIiEENSt9enable_ifIXaaaaaaaasrSt13is_arithmeticIT_E5valuesrSt11is_integralIS5_E5valuentsrSt7is_sameIS5_bE5valuentsrS9_INSt9remove_cvIS5_E4typeEPcE5valuesrSt9is_signedIS5_E5valueES5_E4typeEv
                0x0000000000001674       0xd0 /home/arduino/ArduinoApps/betaal/.cache/sketch/sketch/sketch.ino.cpp.o
                0x0000000000001674                std::enable_if<(((std::is_arithmetic<int>::value&&std::is_integral<int>::value)&&(!std::is_same<int, bool>::value))&&(!std::is_same<std::remove_cv<int>::type, char*>::value))&&std::is_signed<int>::value, int>::type arduino::msgpack::Unpacker::unpackInt<int>()
 .text._ZN7arduino7msgpack8Unpacker11deserializeIiJEEEbRT_DpOT0_
                0x0000000000001744       0x40 /home/arduino/ArduinoApps/betaal/.cache/sketch/sketch/sketch.ino.cpp.o
                0x0000000000001744                bool arduino::msgpack::Unpacker::deserialize<int>(int&)
 .text._ZN7arduino7msgpack8Unpacker11unpackFloatIfEENSt9enable_ifIXaasrSt13is_arithmeticIT_E5valuesrSt17is_floating_pointIS5_E5valueES5_E4typeEv
                0x0000000000001784      0x118 /home/arduino/ArduinoApps/betaal/.cache/sketch/sketch/sketch.ino.cpp.o
                0x0000000000001784                std::enable_if<std::is_arithmetic<float>::value&&std::is_floating_point<float>::value, float>::type arduino::msgpack::Unpacker::unpackFloat<float>()
 *fill*         0x000000000000189c        0x4 
 .text._ZN7arduino7msgpack8Unpacker11unpackFloatIdEENSt9enable_ifIXaasrSt13is_arithmeticIT_E5valuesrSt17is_floating_pointIS5_E5valueES5_E4typeEv
                0x00000000000018a0      0x118 /home/arduino/ArduinoApps/betaal/.cache/sketch/sketch/sketch.ino.cpp.o
                0x00000000000018a0                std::enable_if<std::is_arithmetic<double>::value&&std::is_floating_point<double>::value, double>::type arduino::msgpack::Unpacker::unpackFloat<double>()
 .text._ZN7arduino7msgpack8Unpacker12unpackBinaryIhEENSt9enable_ifIXoosrSt7is_sameIT_cE5valuesrS4_IS5_hE5valueESt6vectorINS3_IXoosrS7_5valuesrS6_5valueES5_E4typeESaIS5_EEE4typeEv
                0x00000000000019b8      0x114 /home/arduino/ArduinoApps/betaal/.cache/sketch/sketch/sketch.ino.cpp.o
                0x00000000000019b8                std::enable_if<std::is_same<unsigned char, char>::value||std::is_same<unsigned char, unsigned char>::value, std::vector<std::enable_if<std::is_same<unsigned char, unsigned char>::value||std::is_same<unsigned char, char>::value, unsigned char>::type, std::allocator<unsigned char> > >::type arduino::msgpack::Unpacker::unpackBinary<unsigned char>()
 .text._ZN7arduino7msgpack8Unpacker11deserializeINS0_4type9ArraySizeEJRiEEEbRT_DpOT0_
                0x0000000000001acc       0x44 /home/arduino/ArduinoApps/betaal/.cache/sketch/sketch/sketch.ino.cpp.o
                0x0000000000001acc                bool arduino::msgpack::Unpacker::deserialize<arduino::msgpack::type::ArraySize, int&>(arduino::msgpack::type::ArraySize&, int&)
 .text._ZNK10RpcDecoderILj1024EE4sendEPKhj
                0x0000000000001b10       0x22 /home/arduino/ArduinoApps/betaal/.cache/sketch/sketch/sketch.ino.cpp.o
                0x0000000000001b10                RpcDecoder<1024u>::send(unsigned char const*, unsigned int) const
 *fill*         0x0000000000001b32        0x2 
 .text._ZN9RPCClient8send_rpcIJEEEbRKN7arduino6StringERjDpOT_.isra.0
                0x0000000000001b34       0x8c /home/arduino/ArduinoApps/betaal/.cache/sketch/sketch/sketch.ino.cpp.o
 .text._ZN11BridgeClass6notifyIJiEEEvN7arduino6StringEDpOT_
                0x0000000000001bc0       0xac /home/arduino/ArduinoApps/betaal/.cache/sketch/sketch/sketch.ino.cpp.o
                0x0000000000001bc0                void BridgeClass::notify<int>(arduino::String, int&&)
 .text._ZNK9RPCServer13send_responseILj256EEEbRK10RPCRequestIXT_EE.isra.0
                0x0000000000001c6c       0x24 /home/arduino/ArduinoApps/betaal/.cache/sketch/sketch/sketch.ino.cpp.o
 .text._ZN10RpcDecoderILj1024EE7consumeEjj
                0x0000000000001c90       0x50 /home/arduino/ArduinoApps/betaal/.cache/sketch/sketch/sketch.ino.cpp.o
                0x0000000000001c90                RpcDecoder<1024u>::consume(unsigned int, unsigned int)
 .text._ZN10RpcDecoderILj1024EE7discardEv
                0x0000000000001ce0       0x2c /home/arduino/ArduinoApps/betaal/.cache/sketch/sketch/sketch.ino.cpp.o
                0x0000000000001ce0                RpcDecoder<1024u>::discard()
 .text._ZN7arduino7msgpack8Unpacker11deserializeI8RpcErrorJRNS0_6object5nil_tEEEEbRT_DpOT0_
                0x0000000000001d0c       0x90 /home/arduino/ArduinoApps/betaal/.cache/sketch/sketch/sketch.ino.cpp.o
                0x0000000000001d0c                bool arduino::msgpack::Unpacker::deserialize<RpcError, arduino::msgpack::object::nil_t&>(RpcError&, arduino::msgpack::object::nil_t&)
 .text._ZN7arduino7msgpack8Unpacker10unpackUIntIjEENSt9enable_ifIXaaaaaaaasrSt13is_arithmeticIT_E5valuesrSt11is_integralIS5_E5valuentsrSt7is_sameIS5_bE5valuentsrS9_INSt9remove_cvIS5_E4typeEPcE5valuentsrSt9is_signedIS5_E5valueES5_E4typeEv
                0x0000000000001d9c       0x80 /home/arduino/ArduinoApps/betaal/.cache/sketch/sketch/sketch.ino.cpp.o
                0x0000000000001d9c                std::enable_if<(((std::is_arithmetic<unsigned int>::value&&std::is_integral<unsigned int>::value)&&(!std::is_same<unsigned int, bool>::value))&&(!std::is_same<std::remove_cv<unsigned int>::type, char*>::value))&&(!std::is_signed<unsigned int>::value), unsigned int>::type arduino::msgpack::Unpacker::unpackUInt<unsigned int>()
 .text._ZN7arduino7msgpack8Unpacker11deserializeIjJRNS_6StringEEEEbRT_DpOT0_
                0x0000000000001e1c       0x44 /home/arduino/ArduinoApps/betaal/.cache/sketch/sketch/sketch.ino.cpp.o
                0x0000000000001e1c                bool arduino::msgpack::Unpacker::deserialize<unsigned int, arduino::String&>(unsigned int&, arduino::String&)
 .text._ZN10RpcDecoderILj1024EE16fetch_rpc_methodEv
                0x0000000000001e60       0xe8 /home/arduino/ArduinoApps/betaal/.cache/sketch/sketch/sketch.ino.cpp.o
                0x0000000000001e60                RpcDecoder<1024u>::fetch_rpc_method()
 .text._ZN10RPCRequestILj256EE22unpack_request_headersEv
                0x0000000000001f48       0xb8 /home/arduino/ArduinoApps/betaal/.cache/sketch/sketch/sketch.ino.cpp.o
                0x0000000000001f48                RPCRequest<256u>::unpack_request_headers()
 .text._ZN9RPCServer15process_requestILj256EEEvR10RPCRequestIXT_EE
                0x0000000000002000      0x138 /home/arduino/ArduinoApps/betaal/.cache/sketch/sketch/sketch.ino.cpp.o
                0x0000000000002000                void RPCServer::process_request<256u>(RPCRequest<256u>&)
 .text._ZN7arduino7msgpack8Unpacker11deserializeINS0_4type9ArraySizeEJRiRjEEEbRT_DpOT0_
                0x0000000000002138       0xa0 /home/arduino/ArduinoApps/betaal/.cache/sketch/sketch/sketch.ino.cpp.o
                0x0000000000002138                bool arduino::msgpack::Unpacker::deserialize<arduino::msgpack::type::ArraySize, int&, unsigned int&>(arduino::msgpack::type::ArraySize&, int&, unsigned int&)
 .text._ZN10RpcDecoderILj1024EE12get_responseIbEEbjRT_R8RpcError
                0x00000000000021d8      0x17c /home/arduino/ArduinoApps/betaal/.cache/sketch/sketch/sketch.ino.cpp.o
                0x00000000000021d8                bool RpcDecoder<1024u>::get_response<bool>(unsigned int, bool&, RpcError&)
 .text._ZN10RpcDecoderILj1024EE12get_responseIN7arduino6StringEEEbjRT_R8RpcError
                0x0000000000002354      0x17c /home/arduino/ArduinoApps/betaal/.cache/sketch/sketch/sketch.ino.cpp.o
                0x0000000000002354                bool RpcDecoder<1024u>::get_response<arduino::String>(unsigned int, arduino::String&, RpcError&)
 .text._ZN10RpcDecoderILj1024EE12get_responseIN7arduino7msgpack6object5nil_tEEEbjRT_R8RpcError
                0x00000000000024d0      0x17c /home/arduino/ArduinoApps/betaal/.cache/sketch/sketch/sketch.ino.cpp.o
                0x00000000000024d0                bool RpcDecoder<1024u>::get_response<arduino::msgpack::object::nil_t>(unsigned int, arduino::msgpack::object::nil_t&, RpcError&)
 .text._ZNSt11__copy_moveILb0ELb1ESt26random_access_iterator_tagE8__copy_mIhEEPT_PKS3_S6_S4_
                0x000000000000264c       0x1c /home/arduino/ArduinoApps/betaal/.cache/sketch/sketch/sketch.ino.cpp.o
                0x000000000000264c                unsigned char* std::__copy_move<false, true, std::random_access_iterator_tag>::__copy_m<unsigned char>(unsigned char const*, unsigned char const*, unsigned char*)
 .text._ZNSt11__copy_moveILb1ELb1ESt26random_access_iterator_tagE8__copy_mIhEEPT_PKS3_S6_S4_
                0x0000000000002668       0x1c /home/arduino/ArduinoApps/betaal/.cache/sketch/sketch/sketch.ino.cpp.o
                0x0000000000002668                unsigned char* std::__copy_move<true, true, std::random_access_iterator_tag>::__copy_m<unsigned char>(unsigned char const*, unsigned char const*, unsigned char*)
 .text._ZN7arduino7msgpack6object3extC2EaPKhj
                0x0000000000002684      0x104 /home/arduino/ArduinoApps/betaal/.cache/sketch/sketch/sketch.ino.cpp.o
                0x0000000000002684                arduino::msgpack::object::ext::ext(signed char, unsigned char const*, unsigned int)
                0x0000000000002684                arduino::msgpack::object::ext::ext(signed char, unsigned char const*, unsigned int)
 .text._ZN7arduino7msgpack8Unpacker9unpackExtEv
                0x0000000000002788      0x178 /home/arduino/ArduinoApps/betaal/.cache/sketch/sketch/sketch.ino.cpp.o
                0x0000000000002788                arduino::msgpack::Unpacker::unpackExt()
 .text._ZN8RpcUtils6detail12unpackObjectERN7arduino7msgpack8UnpackerE
                0x0000000000002900      0x29c /home/arduino/ArduinoApps/betaal/.cache/sketch/sketch/sketch.ino.cpp.o
                0x0000000000002900                RpcUtils::detail::unpackObject(arduino::msgpack::Unpacker&)
 .text._ZN10RpcDecoderILj1024EE12parse_packetEv
                0x0000000000002b9c      0x13c /home/arduino/ArduinoApps/betaal/.cache/sketch/sketch/sketch.ino.cpp.o
                0x0000000000002b9c                RpcDecoder<1024u>::parse_packet()
 .text._ZN10RpcDecoderILj1024EE6decodeEv
                0x0000000000002cd8       0x40 /home/arduino/ArduinoApps/betaal/.cache/sketch/sketch/sketch.ino.cpp.o
                0x0000000000002cd8                RpcDecoder<1024u>::decode()
 .text._ZN9RPCServer7get_rpcILj256EEEbR10RPCRequestIXT_EEN7arduino6StringE
                0x0000000000002d18       0xd0 /home/arduino/ArduinoApps/betaal/.cache/sketch/sketch/sketch.ino.cpp.o
                0x0000000000002d18                bool RPCServer::get_rpc<256u>(RPCRequest<256u>&, arduino::String)
 .text._ZN11BridgeClass11update_safeEv
                0x0000000000002de8       0xb0 /home/arduino/ArduinoApps/betaal/.cache/sketch/sketch/sketch.ino.cpp.o
                0x0000000000002de8                BridgeClass::update_safe()
 .text._Z10__loopHookv
                0x0000000000002e98       0x28 /home/arduino/ArduinoApps/betaal/.cache/sketch/sketch/sketch.ino.cpp.o
                0x0000000000002e98                __loopHook()
 .text._ZN11BridgeClass6updateEv
                0x0000000000002ec0       0xb0 /home/arduino/ArduinoApps/betaal/.cache/sketch/sketch/sketch.ino.cpp.o
                0x0000000000002ec0                BridgeClass::update()
 .text._Z16updateEntryPointPvS_S_
                0x0000000000002f70       0x28 /home/arduino/ArduinoApps/betaal/.cache/sketch/sketch/sketch.ino.cpp.o
                0x0000000000002f70                updateEntryPoint(void*, void*, void*)
 .text._ZN7RpcCallIJEE6resultIbEEbRT_
                0x0000000000002f98      0x114 /home/arduino/ArduinoApps/betaal/.cache/sketch/sketch/sketch.ino.cpp.o
                0x0000000000002f98                bool RpcCall<>::result<bool>(bool&)
 .text._ZN7RpcCallIJEED2Ev
                0x00000000000030ac      0x120 /home/arduino/ArduinoApps/betaal/.cache/sketch/sketch/sketch.ino.cpp.o
                0x00000000000030ac                RpcCall<>::~RpcCall()
                0x00000000000030ac                RpcCall<>::~RpcCall()
 .text._ZN11BridgeClass5beginEm
                0x00000000000031cc      0x1f0 /home/arduino/ArduinoApps/betaal/.cache/sketch/sketch/sketch.ino.cpp.o
                0x00000000000031cc                BridgeClass::begin(unsigned long)
 .text._ZN7RpcCallIJEE6resultIN7arduino6StringEEEbRT_
                0x00000000000033bc      0x114 /home/arduino/ArduinoApps/betaal/.cache/sketch/sketch/sketch.ino.cpp.o
                0x00000000000033bc                bool RpcCall<>::result<arduino::String>(arduino::String&)
 .text._ZN8RpcUtils6detail9unpackMapERN7arduino7msgpack8UnpackerERj
                0x00000000000034d0       0x80 /home/arduino/ArduinoApps/betaal/.cache/sketch/sketch/sketch.ino.cpp.o
                0x00000000000034d0                RpcUtils::detail::unpackMap(arduino::msgpack::Unpacker&, unsigned int&)
 .text._GLOBAL__sub_I_last_ping_time
                0x0000000000003550       0x2c /home/arduino/ArduinoApps/betaal/.cache/sketch/sketch/sketch.ino.cpp.o
 .text._GLOBAL__sub_D_last_ping_time
                0x000000000000357c       0x20 /home/arduino/ArduinoApps/betaal/.cache/sketch/sketch/sketch.ino.cpp.o
 .text._Z15checkI2CAddressh
                0x000000000000359c       0x28 /home/arduino/ArduinoApps/betaal/.cache/sketch/sketch/sketch.ino.cpp.o
                0x000000000000359c                checkI2CAddress(unsigned char)
 .text.setup    0x00000000000035c4      0x158 /home/arduino/ArduinoApps/betaal/.cache/sketch/sketch/sketch.ino.cpp.o
                0x00000000000035c4                setup
 .text._Z16selectMuxChannelh
                0x000000000000371c       0x34 /home/arduino/ArduinoApps/betaal/.cache/sketch/sketch/sketch.ino.cpp.o
                0x000000000000371c                selectMuxChannel(unsigned char)
 .text.loop     0x0000000000003750       0xbc /home/arduino/ArduinoApps/betaal/.cache/sketch/sketch/sketch.ino.cpp.o
                0x0000000000003750                loop
 .text._ZN7arduino5Print17availableForWriteEv
                0x000000000000380c        0x4 /home/arduino/ArduinoApps/betaal/.cache/sketch/libraries/Wire/Wire.cpp.o
                0x000000000000380c                arduino::Print::availableForWrite()
 .text._ZN7arduino9ZephyrI2C5writeEi
                0x0000000000003810        0x8 /home/arduino/ArduinoApps/betaal/.cache/sketch/libraries/Wire/Wire.cpp.o
                0x0000000000003810                arduino::ZephyrI2C::write(int)
 .text._ZN7arduino9ZephyrI2C15endTransmissionEv
                0x0000000000003818        0x8 /home/arduino/ArduinoApps/betaal/.cache/sketch/libraries/Wire/Wire.cpp.o
                0x0000000000003818                arduino::ZephyrI2C::endTransmission()
 .text._ZN7arduino9ZephyrI2C11requestFromEhj
                0x0000000000003820       0x10 /home/arduino/ArduinoApps/betaal/.cache/sketch/libraries/Wire/Wire.cpp.o
                0x0000000000003820                arduino::ZephyrI2C::requestFrom(unsigned char, unsigned int)
 .text._ZN7arduino9ZephyrI2C9availableEv
                0x0000000000003830        0xe /home/arduino/ArduinoApps/betaal/.cache/sketch/libraries/Wire/Wire.cpp.o
                0x0000000000003830                arduino::ZephyrI2C::available()
 .text._ZN7arduino9ZephyrI2C5flushEv
                0x000000000000383e        0x2 /home/arduino/ArduinoApps/betaal/.cache/sketch/libraries/Wire/Wire.cpp.o
                0x000000000000383e                arduino::ZephyrI2C::flush()
 .text._ZN7arduino9ZephyrI2C9onReceiveEPFviE
                0x0000000000003840        0x6 /home/arduino/ArduinoApps/betaal/.cache/sketch/libraries/Wire/Wire.cpp.o
                0x0000000000003840                arduino::ZephyrI2C::onReceive(void (*)(int))
 .text._ZN7arduino9ZephyrI2C9onRequestEPFvvE
                0x0000000000003846        0x6 /home/arduino/ArduinoApps/betaal/.cache/sketch/libraries/Wire/Wire.cpp.o
                0x0000000000003846                arduino::ZephyrI2C::onRequest(void (*)())
 .text._ZN7arduino9ZephyrI2C5beginEv
                0x000000000000384c        0xc /home/arduino/ArduinoApps/betaal/.cache/sketch/libraries/Wire/Wire.cpp.o
                0x000000000000384c                arduino::ZephyrI2C::begin()
 .text._ZN7arduino9ZephyrI2C5writeEh
                0x0000000000003858       0x1c /home/arduino/ArduinoApps/betaal/.cache/sketch/libraries/Wire/Wire.cpp.o
                0x0000000000003858                arduino::ZephyrI2C::write(unsigned char)
 .text._ZN7arduino9ZephyrI2C5writeEPKhj
                0x0000000000003874        0xc /home/arduino/ArduinoApps/betaal/.cache/sketch/libraries/Wire/Wire.cpp.o
                0x0000000000003874                arduino::ZephyrI2C::write(unsigned char const*, unsigned int)
 .text._ZN7arduino9ZephyrI2C4readEv
                0x0000000000003880       0x28 /home/arduino/ArduinoApps/betaal/.cache/sketch/libraries/Wire/Wire.cpp.o
                0x0000000000003880                arduino::ZephyrI2C::read()
 .text._ZL28i2c_target_read_processed_cbP17i2c_target_configPh
                0x00000000000038a8       0x18 /home/arduino/ArduinoApps/betaal/.cache/sketch/libraries/Wire/Wire.cpp.o
 .text._ZN7arduino9ZephyrI2C4peekEv
                0x00000000000038c0       0x28 /home/arduino/ArduinoApps/betaal/.cache/sketch/libraries/Wire/Wire.cpp.o
                0x00000000000038c0                arduino::ZephyrI2C::peek()
 .text._ZN7arduino9ZephyrI2C5beginEh
                0x00000000000038e8       0x2c /home/arduino/ArduinoApps/betaal/.cache/sketch/libraries/Wire/Wire.cpp.o
                0x00000000000038e8                arduino::ZephyrI2C::begin(unsigned char)
 .text._ZN7arduino9ZephyrI2C8setClockEj
                0x0000000000003914       0x3c /home/arduino/ArduinoApps/betaal/.cache/sketch/libraries/Wire/Wire.cpp.o
                0x0000000000003914                arduino::ZephyrI2C::setClock(unsigned int)
 .text._ZN7arduino9ZephyrI2C11requestFromEhjb
                0x0000000000003950       0x88 /home/arduino/ArduinoApps/betaal/.cache/sketch/libraries/Wire/Wire.cpp.o
                0x0000000000003950                arduino::ZephyrI2C::requestFrom(unsigned char, unsigned int, bool)
 .text._ZN7arduino9ZephyrI2C3endEv
                0x00000000000039d8       0x34 /home/arduino/ArduinoApps/betaal/.cache/sketch/libraries/Wire/Wire.cpp.o
                0x00000000000039d8                arduino::ZephyrI2C::end()
 .text._ZN7arduino9ZephyrI2C15endTransmissionEb
                0x0000000000003a0c       0x74 /home/arduino/ArduinoApps/betaal/.cache/sketch/libraries/Wire/Wire.cpp.o
                0x0000000000003a0c                arduino::ZephyrI2C::endTransmission(bool)
 .text._ZL29i2c_target_write_requested_cbP17i2c_target_config
                0x0000000000003a80        0xe /home/arduino/ArduinoApps/betaal/.cache/sketch/libraries/Wire/Wire.cpp.o
 .text._ZN7arduino9ZephyrI2C17beginTransmissionEh
                0x0000000000003a8e       0x14 /home/arduino/ArduinoApps/betaal/.cache/sketch/libraries/Wire/Wire.cpp.o
                0x0000000000003a8e                arduino::ZephyrI2C::beginTransmission(unsigned char)
 *fill*         0x0000000000003aa2        0x2 
 .text._ZN7arduino9ZephyrI2CC2EPK6device
                0x0000000000003aa4       0x4c /home/arduino/ArduinoApps/betaal/.cache/sketch/libraries/Wire/Wire.cpp.o
                0x0000000000003aa4                arduino::ZephyrI2C::ZephyrI2C(device const*)
                0x0000000000003aa4                arduino::ZephyrI2C::ZephyrI2C(device const*)
 .text._ZN7arduino9ZephyrI2C21writeReceivedCallbackEP17i2c_target_configh
                0x0000000000003af0       0x44 /home/arduino/ArduinoApps/betaal/.cache/sketch/libraries/Wire/Wire.cpp.o
                0x0000000000003af0                arduino::ZephyrI2C::writeReceivedCallback(i2c_target_config*, unsigned char)
 .text._ZL28i2c_target_write_received_cbP17i2c_target_configh
                0x0000000000003b34       0x10 /home/arduino/ArduinoApps/betaal/.cache/sketch/libraries/Wire/Wire.cpp.o
 .text._ZN7arduino9ZephyrI2C21readRequestedCallbackEP17i2c_target_configPh
                0x0000000000003b44       0x30 /home/arduino/ArduinoApps/betaal/.cache/sketch/libraries/Wire/Wire.cpp.o
                0x0000000000003b44                arduino::ZephyrI2C::readRequestedCallback(i2c_target_config*, unsigned char*)
 .text._ZL28i2c_target_read_requested_cbP17i2c_target_configPh
                0x0000000000003b74       0x10 /home/arduino/ArduinoApps/betaal/.cache/sketch/libraries/Wire/Wire.cpp.o
 .text._ZN7arduino9ZephyrI2C12stopCallbackEP17i2c_target_config
                0x0000000000003b84       0x1c /home/arduino/ArduinoApps/betaal/.cache/sketch/libraries/Wire/Wire.cpp.o
                0x0000000000003b84                arduino::ZephyrI2C::stopCallback(i2c_target_config*)
 .text._ZL18i2c_target_stop_cbP17i2c_target_config
                0x0000000000003ba0        0xc /home/arduino/ArduinoApps/betaal/.cache/sketch/libraries/Wire/Wire.cpp.o
 .text._GLOBAL__sub_I__ZN7arduino9ZephyrI2CC2EPK6device
                0x0000000000003bac       0x60 /home/arduino/ArduinoApps/betaal/.cache/sketch/libraries/Wire/Wire.cpp.o
 .text._GLOBAL__sub_D__ZN7arduino9ZephyrI2CC2EPK6device
                0x0000000000003c0c       0x20 /home/arduino/ArduinoApps/betaal/.cache/sketch/libraries/Wire/Wire.cpp.o
 .text._ZN7arduino5Print5flushEv
                0x0000000000003c2c        0x2 /home/arduino/ArduinoApps/betaal/.cache/sketch/libraries/Arduino_RouterBridge/singletons.cpp.o
                0x0000000000003c2c                arduino::Print::flush()
 .text._ZN13BridgeMonitorILj512EE5writeEh
                0x0000000000003c2e       0x18 /home/arduino/ArduinoApps/betaal/.cache/sketch/libraries/Arduino_RouterBridge/singletons.cpp.o
                0x0000000000003c2e                BridgeMonitor<512u>::write(unsigned char)
 *fill*         0x0000000000003c46        0x2 
 .text.k_yield  0x0000000000003c48        0x8 /home/arduino/ArduinoApps/betaal/.cache/sketch/libraries/Arduino_RouterBridge/singletons.cpp.o
 .text.k_mutex_lock
                0x0000000000003c50        0x8 /home/arduino/ArduinoApps/betaal/.cache/sketch/libraries/Arduino_RouterBridge/singletons.cpp.o
 .text._ZSt14__relocate_a_1IhhENSt9enable_ifIXsrSt24__is_bitwise_relocatableIT_vE5valueEPS2_E4typeES4_S4_S4_RSaIT0_E.isra.0
                0x0000000000003c58       0x20 /home/arduino/ArduinoApps/betaal/.cache/sketch/libraries/Arduino_RouterBridge/singletons.cpp.o
 .text._ZNSt12_Vector_baseIhSaIhEE11_M_allocateEj.isra.0
                0x0000000000003c78       0x20 /home/arduino/ArduinoApps/betaal/.cache/sketch/libraries/Arduino_RouterBridge/singletons.cpp.o
 .text.k_mutex_unlock.isra.0
                0x0000000000003c98        0x8 /home/arduino/ArduinoApps/betaal/.cache/sketch/libraries/Arduino_RouterBridge/singletons.cpp.o
 .text._ZN7RpcCallIJEE7isErrorEv.isra.0
                0x0000000000003ca0       0x28 /home/arduino/ArduinoApps/betaal/.cache/sketch/libraries/Arduino_RouterBridge/singletons.cpp.o
 .text._ZN7RpcCallIJRN7arduino6StringEEE7isErrorEv.isra.0
                0x0000000000003cc8       0x28 /home/arduino/ArduinoApps/betaal/.cache/sketch/libraries/Arduino_RouterBridge/singletons.cpp.o
 .text._ZN13BridgeMonitorILj512EE4readEv
                0x0000000000003cf0       0x68 /home/arduino/ArduinoApps/betaal/.cache/sketch/libraries/Arduino_RouterBridge/singletons.cpp.o
                0x0000000000003cf0                BridgeMonitor<512u>::read()
 .text._ZN13BridgeMonitorILj512EE4peekEv
                0x0000000000003d58       0x44 /home/arduino/ArduinoApps/betaal/.cache/sketch/libraries/Arduino_RouterBridge/singletons.cpp.o
                0x0000000000003d58                BridgeMonitor<512u>::peek()
 .text.k_msleep.constprop.0.isra.0
                0x0000000000003d9c        0xc /home/arduino/ArduinoApps/betaal/.cache/sketch/libraries/Arduino_RouterBridge/singletons.cpp.o
 .text._ZNSt6vectorIhSaIhEE14_M_move_assignEOS1_St17integral_constantIbLb1EE.isra.0
                0x0000000000003da8       0x34 /home/arduino/ArduinoApps/betaal/.cache/sketch/libraries/Arduino_RouterBridge/singletons.cpp.o
 .text._ZNSt6vectorIhSaIhEE12emplace_backIJRKhEEERhDpOT_.isra.0
                0x0000000000003ddc       0x90 /home/arduino/ArduinoApps/betaal/.cache/sketch/libraries/Arduino_RouterBridge/singletons.cpp.o
 .text._ZNSt6vectorIhSaIhEE12emplace_backIJhEEERhDpOT_.isra.0
                0x0000000000003e6c       0x90 /home/arduino/ArduinoApps/betaal/.cache/sketch/libraries/Arduino_RouterBridge/singletons.cpp.o
 .text._ZN7arduino7msgpack8Unpacker11deserializeISt6vectorIhSaIhEEJEEEbRT_DpOT0_
                0x0000000000003efc      0x13c /home/arduino/ArduinoApps/betaal/.cache/sketch/libraries/Arduino_RouterBridge/singletons.cpp.o
                0x0000000000003efc                bool arduino::msgpack::Unpacker::deserialize<std::vector<unsigned char, std::allocator<unsigned char> >>(std::vector<unsigned char, std::allocator<unsigned char> >&)
 .text._ZN7arduino7msgpack6Packer11packRawByteERKNS0_4TypeE.isra.0
                0x0000000000004038       0x18 /home/arduino/ArduinoApps/betaal/.cache/sketch/libraries/Arduino_RouterBridge/singletons.cpp.o
 .text._ZNSt6vectorIhSaIhEE12emplace_backIJRhEEES3_DpOT_.isra.0
                0x0000000000004050       0x90 /home/arduino/ArduinoApps/betaal/.cache/sketch/libraries/Arduino_RouterBridge/singletons.cpp.o
 .text._ZN7arduino7msgpack6Packer11packIntegerIjEENSt9enable_ifIXaaaaaasrSt13is_arithmeticIT_E5valuesrSt11is_integralIS5_E5valuentsrSt7is_sameIS5_bE5valuentsrS9_INSt9remove_cvIS5_E4typeEPcE5valueEvE4typeERKS5_.isra.0
                0x00000000000040e0       0x50 /home/arduino/ArduinoApps/betaal/.cache/sketch/libraries/Arduino_RouterBridge/singletons.cpp.o
 .text._ZN7arduino7msgpack6Packer11packIntegerIiEENSt9enable_ifIXaaaaaasrSt13is_arithmeticIT_E5valuesrSt11is_integralIS5_E5valuentsrSt7is_sameIS5_bE5valuentsrS9_INSt9remove_cvIS5_E4typeEPcE5valueEvE4typeERKS5_.isra.0
                0x0000000000004130       0xb8 /home/arduino/ArduinoApps/betaal/.cache/sketch/libraries/Arduino_RouterBridge/singletons.cpp.o
 .text._ZN7arduino7msgpack6Packer9serializeIJRKiRjRKNS_6StringEEEEvRKNS0_4type9ArraySizeEDpOT_.isra.0
                0x00000000000041e8       0x38 /home/arduino/ArduinoApps/betaal/.cache/sketch/libraries/Arduino_RouterBridge/singletons.cpp.o
 .text._ZN9RPCClient8send_rpcIJEEEbRKN7arduino6StringERjDpOT_.isra.0
                0x0000000000004220       0x74 /home/arduino/ArduinoApps/betaal/.cache/sketch/libraries/Arduino_RouterBridge/singletons.cpp.o
 .text._ZN9RPCClient8send_rpcIJRKN7arduino6StringEEEEbS4_RjDpOT_.isra.0
                0x0000000000004294       0x84 /home/arduino/ArduinoApps/betaal/.cache/sketch/libraries/Arduino_RouterBridge/singletons.cpp.o
 .text._ZN9RPCClient8send_rpcIJRKjEEEbRKN7arduino6StringERjDpOT_.isra.0
                0x0000000000004318       0x84 /home/arduino/ArduinoApps/betaal/.cache/sketch/libraries/Arduino_RouterBridge/singletons.cpp.o
 .text._ZN7arduino7msgpack8Unpacker11deserializeIjJEEEbRT_DpOT0_
                0x000000000000439c       0x40 /home/arduino/ArduinoApps/betaal/.cache/sketch/libraries/Arduino_RouterBridge/singletons.cpp.o
                0x000000000000439c                bool arduino::msgpack::Unpacker::deserialize<unsigned int>(unsigned int&)
 .text._ZN9RPCClient12get_responseIN7arduino7msgpack6object5nil_tEEEbjRT_R8RpcError
                0x00000000000043dc       0x40 /home/arduino/ArduinoApps/betaal/.cache/sketch/libraries/Arduino_RouterBridge/singletons.cpp.o
                0x00000000000043dc                bool RPCClient::get_response<arduino::msgpack::object::nil_t>(unsigned int, arduino::msgpack::object::nil_t&, RpcError&)
 .text._ZN13BridgeMonitorILj512EEcvbEv
                0x000000000000441c      0x28c /home/arduino/ArduinoApps/betaal/.cache/sketch/libraries/Arduino_RouterBridge/singletons.cpp.o
                0x000000000000441c                BridgeMonitor<512u>::operator bool()
 .text._ZN11BridgeClass6notifyIJRN7arduino6StringEEEEvS2_DpOT_
                0x00000000000046a8       0xac /home/arduino/ArduinoApps/betaal/.cache/sketch/libraries/Arduino_RouterBridge/singletons.cpp.o
                0x00000000000046a8                void BridgeClass::notify<arduino::String&>(arduino::String, arduino::String&)
 .text._ZN7RpcCallIJRN7arduino6StringEEE8setErrorEiS1_
                0x0000000000004754       0x40 /home/arduino/ArduinoApps/betaal/.cache/sketch/libraries/Arduino_RouterBridge/singletons.cpp.o
                0x0000000000004754                RpcCall<arduino::String&>::setError(int, arduino::String)
 .text._ZN7RpcCallIJRN7arduino6StringEEED2Ev
                0x0000000000004794      0x118 /home/arduino/ArduinoApps/betaal/.cache/sketch/libraries/Arduino_RouterBridge/singletons.cpp.o
                0x0000000000004794                RpcCall<arduino::String&>::~RpcCall()
                0x0000000000004794                RpcCall<arduino::String&>::~RpcCall()
 .text._ZN10RpcDecoderILj1024EE12get_responseIjEEbjRT_R8RpcError
                0x00000000000048ac      0x17c /home/arduino/ArduinoApps/betaal/.cache/sketch/libraries/Arduino_RouterBridge/singletons.cpp.o
                0x00000000000048ac                bool RpcDecoder<1024u>::get_response<unsigned int>(unsigned int, unsigned int&, RpcError&)
 .text._ZN13BridgeMonitorILj512EE5writeEPKhj
                0x0000000000004a28      0x1fc /home/arduino/ArduinoApps/betaal/.cache/sketch/libraries/Arduino_RouterBridge/singletons.cpp.o
                0x0000000000004a28                BridgeMonitor<512u>::write(unsigned char const*, unsigned int)
 .text._ZN7RpcCallIJRjEE8setErrorEiN7arduino6StringE
                0x0000000000004c24       0x40 /home/arduino/ArduinoApps/betaal/.cache/sketch/libraries/Arduino_RouterBridge/singletons.cpp.o
                0x0000000000004c24                RpcCall<unsigned int&>::setError(int, arduino::String)
 .text._ZN7RpcCallIJRjEE7isErrorEv
                0x0000000000004c64       0x34 /home/arduino/ArduinoApps/betaal/.cache/sketch/libraries/Arduino_RouterBridge/singletons.cpp.o
                0x0000000000004c64                RpcCall<unsigned int&>::isError()
 .text._ZN7RpcCallIJRjEED2Ev
                0x0000000000004c98      0x118 /home/arduino/ArduinoApps/betaal/.cache/sketch/libraries/Arduino_RouterBridge/singletons.cpp.o
                0x0000000000004c98                RpcCall<unsigned int&>::~RpcCall()
                0x0000000000004c98                RpcCall<unsigned int&>::~RpcCall()
 .text._ZN10RpcDecoderILj1024EE12get_responseISt6vectorIhSaIhEEEEbjRT_R8RpcError
                0x0000000000004db0      0x17c /home/arduino/ArduinoApps/betaal/.cache/sketch/libraries/Arduino_RouterBridge/singletons.cpp.o
                0x0000000000004db0                bool RpcDecoder<1024u>::get_response<std::vector<unsigned char, std::allocator<unsigned char> > >(unsigned int, std::vector<unsigned char, std::allocator<unsigned char> >&, RpcError&)
 .text._ZN7RpcCallIJRjEE6resultISt6vectorIhSaIhEEEEbRT_
                0x0000000000004f2c      0x134 /home/arduino/ArduinoApps/betaal/.cache/sketch/libraries/Arduino_RouterBridge/singletons.cpp.o
                0x0000000000004f2c                bool RpcCall<unsigned int&>::result<std::vector<unsigned char, std::allocator<unsigned char> > >(std::vector<unsigned char, std::allocator<unsigned char> >&)
 .text._ZN13BridgeMonitorILj512EE5_readEj
                0x0000000000005060      0x120 /home/arduino/ArduinoApps/betaal/.cache/sketch/libraries/Arduino_RouterBridge/singletons.cpp.o
                0x0000000000005060                BridgeMonitor<512u>::_read(unsigned int)
 .text._ZN13BridgeMonitorILj512EE9availableEv
                0x0000000000005180       0x44 /home/arduino/ArduinoApps/betaal/.cache/sketch/libraries/Arduino_RouterBridge/singletons.cpp.o
                0x0000000000005180                BridgeMonitor<512u>::available()
 .text._GLOBAL__sub_I_Bridge
                0x00000000000051c4       0xc0 /home/arduino/ArduinoApps/betaal/.cache/sketch/libraries/Arduino_RouterBridge/singletons.cpp.o
 .text._GLOBAL__sub_D_Bridge
                0x0000000000005284       0x20 /home/arduino/ArduinoApps/betaal/.cache/sketch/libraries/Arduino_RouterBridge/singletons.cpp.o
 .text._ZN7arduino5Print5writeEPKc
                0x00000000000052a4       0x24 /home/arduino/ArduinoApps/betaal/.cache/sketch/core/core.a(Print.cpp.o)
                0x00000000000052a4                arduino::Print::write(char const*)
 .text._ZN7arduino5Print5printEPKc
                0x00000000000052c8        0xc /home/arduino/ArduinoApps/betaal/.cache/sketch/core/core.a(Print.cpp.o)
                0x00000000000052c8                arduino::Print::print(char const*)
 .text._ZN7arduino5Print5printEc
                0x00000000000052d4        0x6 /home/arduino/ArduinoApps/betaal/.cache/sketch/core/core.a(Print.cpp.o)
                0x00000000000052d4                arduino::Print::print(char)
 *fill*         0x00000000000052da        0x2 
 .text._ZN7arduino5Print7printlnEv
                0x00000000000052dc       0x14 /home/arduino/ArduinoApps/betaal/.cache/sketch/core/core.a(Print.cpp.o)
                0x00000000000052dc                arduino::Print::println()
 .text._ZN7arduino5Print7printlnEPKNS_19__FlashStringHelperE
                0x00000000000052f0       0x1c /home/arduino/ArduinoApps/betaal/.cache/sketch/core/core.a(Print.cpp.o)
                0x00000000000052f0                arduino::Print::println(arduino::__FlashStringHelper const*)
 .text._ZN7arduino5Print7printlnEPKc
                0x000000000000530c        0x8 /home/arduino/ArduinoApps/betaal/.cache/sketch/core/core.a(Print.cpp.o)
                0x000000000000530c                arduino::Print::println(char const*)
 .text._ZN7arduino5Print11printNumberEmh
                0x0000000000005314       0x40 /home/arduino/ArduinoApps/betaal/.cache/sketch/core/core.a(Print.cpp.o)
                0x0000000000005314                arduino::Print::printNumber(unsigned long, unsigned char)
 .text._ZN7arduino5Print5printEli
                0x0000000000005354       0x50 /home/arduino/ArduinoApps/betaal/.cache/sketch/core/core.a(Print.cpp.o)
                0x0000000000005354                arduino::Print::print(long, int)
 .text._ZN7arduino5Print5printEii
                0x00000000000053a4        0x8 /home/arduino/ArduinoApps/betaal/.cache/sketch/core/core.a(Print.cpp.o)
                0x00000000000053a4                arduino::Print::print(int, int)
 .text._ZN7arduino5Print10printFloatEdi
                0x00000000000053ac      0x1b4 /home/arduino/ArduinoApps/betaal/.cache/sketch/core/core.a(Print.cpp.o)
                0x00000000000053ac                arduino::Print::printFloat(double, int)
 .text._ZN7arduino5Print7printlnEdi
                0x0000000000005560       0x1c /home/arduino/ArduinoApps/betaal/.cache/sketch/core/core.a(Print.cpp.o)
                0x0000000000005560                arduino::Print::println(double, int)
 .text._ZN7arduino6Stream9timedReadEv
                0x000000000000557c       0x2c /home/arduino/ArduinoApps/betaal/.cache/sketch/core/core.a(Stream.cpp.o)
                0x000000000000557c                arduino::Stream::timedRead()
 .text._ZN7arduino6Stream10setTimeoutEm
                0x00000000000055a8        0x4 /home/arduino/ArduinoApps/betaal/.cache/sketch/core/core.a(Stream.cpp.o)
                0x00000000000055a8                arduino::Stream::setTimeout(unsigned long)
 .text._ZN7arduino6Stream9readBytesEPcj
                0x00000000000055ac       0x2c /home/arduino/ArduinoApps/betaal/.cache/sketch/core/core.a(Stream.cpp.o)
                0x00000000000055ac                arduino::Stream::readBytes(char*, unsigned int)
 .text._ZN7arduino6StringC2EOS0_
                0x00000000000055d8       0x16 /home/arduino/ArduinoApps/betaal/.cache/sketch/core/core.a(String.cpp.o)
                0x00000000000055d8                arduino::String::String(arduino::String&&)
                0x00000000000055d8                arduino::String::String(arduino::String&&)
 *fill*         0x00000000000055ee        0x2 
 .text._ZN7arduino6StringD2Ev
                0x00000000000055f0       0x14 /home/arduino/ArduinoApps/betaal/.cache/sketch/core/core.a(String.cpp.o)
                0x00000000000055f0                arduino::String::~String()
                0x00000000000055f0                arduino::String::~String()
 .text._ZN7arduino6String10invalidateEv
                0x0000000000005604       0x1c /home/arduino/ArduinoApps/betaal/.cache/sketch/core/core.a(String.cpp.o)
                0x0000000000005604                arduino::String::invalidate()
 .text._ZN7arduino6String12changeBufferEj
                0x0000000000005620       0x1c /home/arduino/ArduinoApps/betaal/.cache/sketch/core/core.a(String.cpp.o)
                0x0000000000005620                arduino::String::changeBuffer(unsigned int)
 .text._ZN7arduino6String7reserveEj
                0x000000000000563c       0x28 /home/arduino/ArduinoApps/betaal/.cache/sketch/core/core.a(String.cpp.o)
                0x000000000000563c                arduino::String::reserve(unsigned int)
 .text._ZN7arduino6String4copyEPKcj
                0x0000000000005664       0x3c /home/arduino/ArduinoApps/betaal/.cache/sketch/core/core.a(String.cpp.o)
                0x0000000000005664                arduino::String::copy(char const*, unsigned int)
 .text._ZN7arduino6StringC2EPKc
                0x00000000000056a0       0x2c /home/arduino/ArduinoApps/betaal/.cache/sketch/core/core.a(String.cpp.o)
                0x00000000000056a0                arduino::String::String(char const*)
                0x00000000000056a0                arduino::String::String(char const*)
 .text._ZN7arduino6String4moveERS0_
                0x00000000000056cc       0x2c /home/arduino/ArduinoApps/betaal/.cache/sketch/core/core.a(String.cpp.o)
                0x00000000000056cc                arduino::String::move(arduino::String&)
 .text._ZN7arduino6StringaSERKS0_
                0x00000000000056f8       0x28 /home/arduino/ArduinoApps/betaal/.cache/sketch/core/core.a(String.cpp.o)
                0x00000000000056f8                arduino::String::operator=(arduino::String const&)
 .text._ZN7arduino6StringC2ERKS0_
                0x0000000000005720       0x18 /home/arduino/ArduinoApps/betaal/.cache/sketch/core/core.a(String.cpp.o)
                0x0000000000005720                arduino::String::String(arduino::String const&)
                0x0000000000005720                arduino::String::String(arduino::String const&)
 .text._ZN7arduino6StringaSEOS0_
                0x0000000000005738       0x10 /home/arduino/ArduinoApps/betaal/.cache/sketch/core/core.a(String.cpp.o)
                0x0000000000005738                arduino::String::operator=(arduino::String&&)
 .text._ZN7arduino6StringaSEPKc
                0x0000000000005748       0x30 /home/arduino/ArduinoApps/betaal/.cache/sketch/core/core.a(String.cpp.o)
                0x0000000000005748                arduino::String::operator=(char const*)
 .text._ZN7arduino6String6concatEPKcj
                0x0000000000005778       0x40 /home/arduino/ArduinoApps/betaal/.cache/sketch/core/core.a(String.cpp.o)
                0x0000000000005778                arduino::String::concat(char const*, unsigned int)
 .text._ZN7arduino6String6concatEc
                0x00000000000057b8       0x1c /home/arduino/ArduinoApps/betaal/.cache/sketch/core/core.a(String.cpp.o)
                0x00000000000057b8                arduino::String::concat(char)
 .text._ZNK7arduino6String9compareToERKS0_
                0x00000000000057d4       0x30 /home/arduino/ArduinoApps/betaal/.cache/sketch/core/core.a(String.cpp.o)
                0x00000000000057d4                arduino::String::compareTo(arduino::String const&) const
 .text._ZNK7arduino6String6equalsERKS0_
                0x0000000000005804       0x20 /home/arduino/ArduinoApps/betaal/.cache/sketch/core/core.a(String.cpp.o)
                0x0000000000005804                arduino::String::equals(arduino::String const&) const
 .text._ZNK7arduino6String6equalsEPKc
                0x0000000000005824       0x28 /home/arduino/ArduinoApps/betaal/.cache/sketch/core/core.a(String.cpp.o)
                0x0000000000005824                arduino::String::equals(char const*) const
 .text.memcpy   0x000000000000584c        0x8 /home/arduino/ArduinoApps/betaal/.cache/sketch/core/core.a(llext_wrappers.c.o)
                0x000000000000584c                memcpy
 .text.memmove  0x0000000000005854        0x8 /home/arduino/ArduinoApps/betaal/.cache/sketch/core/core.a(llext_wrappers.c.o)
                0x0000000000005854                memmove
 .text.strlen   0x000000000000585c        0x8 /home/arduino/ArduinoApps/betaal/.cache/sketch/core/core.a(llext_wrappers.c.o)
                0x000000000000585c                strlen
 .text.strcmp   0x0000000000005864        0x8 /home/arduino/ArduinoApps/betaal/.cache/sketch/core/core.a(llext_wrappers.c.o)
                0x0000000000005864                strcmp
 .text.memset   0x000000000000586c        0x8 /home/arduino/ArduinoApps/betaal/.cache/sketch/core/core.a(llext_wrappers.c.o)
                0x000000000000586c                memset
 .text.malloc   0x0000000000005874        0x8 /home/arduino/ArduinoApps/betaal/.cache/sketch/core/core.a(llext_wrappers.c.o)
                0x0000000000005874                malloc
 .text.realloc  0x000000000000587c        0x8 /home/arduino/ArduinoApps/betaal/.cache/sketch/core/core.a(llext_wrappers.c.o)
                0x000000000000587c                realloc
 .text.free     0x0000000000005884        0x8 /home/arduino/ArduinoApps/betaal/.cache/sketch/core/core.a(llext_wrappers.c.o)
                0x0000000000005884                free
 .text.__aeabi_dadd
                0x000000000000588c        0xa /home/arduino/ArduinoApps/betaal/.cache/sketch/core/core.a(llext_wrappers.c.o)
                0x000000000000588c                __aeabi_dadd
 .text.__aeabi_dsub
                0x0000000000005896        0xa /home/arduino/ArduinoApps/betaal/.cache/sketch/core/core.a(llext_wrappers.c.o)
                0x0000000000005896                __aeabi_dsub
 .text.__aeabi_dmul
                0x00000000000058a0        0xa /home/arduino/ArduinoApps/betaal/.cache/sketch/core/core.a(llext_wrappers.c.o)
                0x00000000000058a0                __aeabi_dmul
 .text.__aeabi_ddiv
                0x00000000000058aa        0xa /home/arduino/ArduinoApps/betaal/.cache/sketch/core/core.a(llext_wrappers.c.o)
                0x00000000000058aa                __aeabi_ddiv
 .text.__aeabi_dcmplt
                0x00000000000058b4        0xa /home/arduino/ArduinoApps/betaal/.cache/sketch/core/core.a(llext_wrappers.c.o)
                0x00000000000058b4                __aeabi_dcmplt
 .text.__aeabi_dcmple
                0x00000000000058be        0xa /home/arduino/ArduinoApps/betaal/.cache/sketch/core/core.a(llext_wrappers.c.o)
                0x00000000000058be                __aeabi_dcmple
 .text.__aeabi_dcmpgt
                0x00000000000058c8        0xa /home/arduino/ArduinoApps/betaal/.cache/sketch/core/core.a(llext_wrappers.c.o)
                0x00000000000058c8                __aeabi_dcmpgt
 .text.__aeabi_dcmpun
                0x00000000000058d2        0xa /home/arduino/ArduinoApps/betaal/.cache/sketch/core/core.a(llext_wrappers.c.o)
                0x00000000000058d2                __aeabi_dcmpun
 .text.__aeabi_d2uiz
                0x00000000000058dc        0xa /home/arduino/ArduinoApps/betaal/.cache/sketch/core/core.a(llext_wrappers.c.o)
                0x00000000000058dc                __aeabi_d2uiz
 .text.__aeabi_i2d
                0x00000000000058e6        0xa /home/arduino/ArduinoApps/betaal/.cache/sketch/core/core.a(llext_wrappers.c.o)
                0x00000000000058e6                __aeabi_i2d
 .text.__aeabi_ui2d
                0x00000000000058f0        0xa /home/arduino/ArduinoApps/betaal/.cache/sketch/core/core.a(llext_wrappers.c.o)
                0x00000000000058f0                __aeabi_ui2d
 .text.__aeabi_l2d
                0x00000000000058fa        0xa /home/arduino/ArduinoApps/betaal/.cache/sketch/core/core.a(llext_wrappers.c.o)
                0x00000000000058fa                __aeabi_l2d
 .text.__aeabi_ul2d
                0x0000000000005904        0xa /home/arduino/ArduinoApps/betaal/.cache/sketch/core/core.a(llext_wrappers.c.o)
                0x0000000000005904                __aeabi_ul2d
 .text.__aeabi_d2f
                0x000000000000590e        0xa /home/arduino/ArduinoApps/betaal/.cache/sketch/core/core.a(llext_wrappers.c.o)
                0x000000000000590e                __aeabi_d2f
 .text.__aeabi_f2d
                0x0000000000005918        0xa /home/arduino/ArduinoApps/betaal/.cache/sketch/core/core.a(llext_wrappers.c.o)
                0x0000000000005918                __aeabi_f2d
 .text.__aeabi_l2f
                0x0000000000005922        0xa /home/arduino/ArduinoApps/betaal/.cache/sketch/core/core.a(llext_wrappers.c.o)
                0x0000000000005922                __aeabi_l2f
 .text.__aeabi_ul2f
                0x000000000000592c        0xa /home/arduino/ArduinoApps/betaal/.cache/sketch/core/core.a(llext_wrappers.c.o)
                0x000000000000592c                __aeabi_ul2f
 .text.__aeabi_uldivmod
                0x0000000000005936        0xa /home/arduino/ArduinoApps/betaal/.cache/sketch/core/core.a(llext_wrappers.c.o)
                0x0000000000005936                __aeabi_uldivmod
 .text.atexit   0x0000000000005940        0x8 /home/arduino/ArduinoApps/betaal/.cache/sketch/core/core.a(llext_wrappers.c.o)
                0x0000000000005940                atexit
 .text.abort    0x0000000000005948        0xc /home/arduino/ArduinoApps/betaal/.cache/sketch/core/core.a(llext_wrappers.c.o)
                0x0000000000005948                abort
 .text.initVariant
                0x0000000000005954        0x2 /home/arduino/ArduinoApps/betaal/.cache/sketch/core/core.a(main.cpp.o)
                0x0000000000005954                initVariant
 *fill*         0x0000000000005956        0x2 
 .text.main     0x0000000000005958       0x2c /home/arduino/ArduinoApps/betaal/.cache/sketch/core/core.a(main.cpp.o)
                0x0000000000005958                main
 .text._ZL10new_helperj
                0x0000000000005984       0x10 /home/arduino/ArduinoApps/betaal/.cache/sketch/core/core.a(new.cpp.o)
 .text._Znwj    0x0000000000005994        0x8 /home/arduino/ArduinoApps/betaal/.cache/sketch/core/core.a(new.cpp.o)
                0x0000000000005994                operator new(unsigned int)
 .text._ZnwjPv  0x000000000000599c        0x4 /home/arduino/ArduinoApps/betaal/.cache/sketch/core/core.a(new.cpp.o)
                0x000000000000599c                operator new(unsigned int, void*)
 .text._ZdlPvj  0x00000000000059a0        0x8 /home/arduino/ArduinoApps/betaal/.cache/sketch/core/core.a(new.cpp.o)
                0x00000000000059a0                operator delete(void*, unsigned int)
 .text._Z20start_static_threadsv
                0x00000000000059a8       0x6c /home/arduino/ArduinoApps/betaal/.cache/sketch/core/core.a(threads.cpp.o)
                0x00000000000059a8                start_static_threads()
 .text.gpio_pin_configure_dt.isra.0
                0x0000000000005a14       0x2a /home/arduino/ArduinoApps/betaal/.cache/sketch/core/core.a(wiring_digital.cpp.o)
 *fill*         0x0000000000005a3e        0x2 
 .text.pinMode  0x0000000000005a40       0x40 /home/arduino/ArduinoApps/betaal/.cache/sketch/core/core.a(wiring_digital.cpp.o)
                0x0000000000005a40                pinMode
 .text.digitalRead
                0x0000000000005a80       0x44 /home/arduino/ArduinoApps/betaal/.cache/sketch/core/core.a(wiring_digital.cpp.o)
                0x0000000000005a80                digitalRead
 .text.yield    0x0000000000005ac4        0x8 /home/arduino/ArduinoApps/betaal/.cache/sketch/core/core.a(zephyrCommon.cpp.o)
                0x0000000000005ac4                yield
 .text.millis   0x0000000000005acc       0x18 /home/arduino/ArduinoApps/betaal/.cache/sketch/core/core.a(zephyrCommon.cpp.o)
                0x0000000000005acc                millis
 .text._ZN6zephyr7arduinoL29init_device_with_dependenciesEPK6device
                0x0000000000005ae4       0xd4 /home/arduino/ArduinoApps/betaal/.cache/sketch/core/core.a(zephyrPinctrl.cpp.o)
 .text._ZN6zephyr7arduino22init_dev_apply_pinctrlEPK6device
                0x0000000000005bb8       0x10 /home/arduino/ArduinoApps/betaal/.cache/sketch/core/core.a(zephyrPinctrl.cpp.o)
                0x0000000000005bb8                zephyr::arduino::init_dev_apply_pinctrl(device const*)
 .text.z_impl_uart_irq_tx_enable
                0x0000000000005bc8        0xa /home/arduino/ArduinoApps/betaal/.cache/sketch/core/core.a(zephyrSerial.cpp.o)
 .text._ZN7arduino12ZephyrSerial5beginEm
                0x0000000000005bd2        0xa /home/arduino/ArduinoApps/betaal/.cache/sketch/core/core.a(zephyrSerial.cpp.o)
                0x0000000000005bd2                arduino::ZephyrSerial::begin(unsigned long)
 .text._ZN7arduino12ZephyrSerial5writeEh
                0x0000000000005bdc       0x18 /home/arduino/ArduinoApps/betaal/.cache/sketch/core/core.a(zephyrSerial.cpp.o)
                0x0000000000005bdc                arduino::ZephyrSerial::write(unsigned char)
 .text._ZN7arduino12ZephyrSerialcvbEv
                0x0000000000005bf4        0x4 /home/arduino/ArduinoApps/betaal/.cache/sketch/core/core.a(zephyrSerial.cpp.o)
                0x0000000000005bf4                arduino::ZephyrSerial::operator bool()
 .text.k_sem_give
                0x0000000000005bf8        0x8 /home/arduino/ArduinoApps/betaal/.cache/sketch/core/core.a(zephyrSerial.cpp.o)
 .text.k_sem_take.isra.0
                0x0000000000005c00        0x8 /home/arduino/ArduinoApps/betaal/.cache/sketch/core/core.a(zephyrSerial.cpp.o)
 .text._ZN7arduino12ZephyrSerial4readEv
                0x0000000000005c08       0x48 /home/arduino/ArduinoApps/betaal/.cache/sketch/core/core.a(zephyrSerial.cpp.o)
                0x0000000000005c08                arduino::ZephyrSerial::read()
 .text._ZN7arduino12ZephyrSerial4peekEv
                0x0000000000005c50       0x48 /home/arduino/ArduinoApps/betaal/.cache/sketch/core/core.a(zephyrSerial.cpp.o)
                0x0000000000005c50                arduino::ZephyrSerial::peek()
 .text._ZN7arduino12ZephyrSerial17availableForWriteEv
                0x0000000000005c98       0x34 /home/arduino/ArduinoApps/betaal/.cache/sketch/core/core.a(zephyrSerial.cpp.o)
                0x0000000000005c98                arduino::ZephyrSerial::availableForWrite()
 .text._ZN7arduino12ZephyrSerial9availableEv
                0x0000000000005ccc       0x34 /home/arduino/ArduinoApps/betaal/.cache/sketch/core/core.a(zephyrSerial.cpp.o)
                0x0000000000005ccc                arduino::ZephyrSerial::available()
 .text._ZN7arduino12ZephyrSerial5beginEmt
                0x0000000000005d00       0xc4 /home/arduino/ArduinoApps/betaal/.cache/sketch/core/core.a(zephyrSerial.cpp.o)
                0x0000000000005d00                arduino::ZephyrSerial::begin(unsigned long, unsigned short)
 .text._ZN7arduino12ZephyrSerial3endEv
                0x0000000000005dc4        0xc /home/arduino/ArduinoApps/betaal/.cache/sketch/core/core.a(zephyrSerial.cpp.o)
                0x0000000000005dc4                arduino::ZephyrSerial::end()
 .text._ZN7arduino12ZephyrSerial5flushEv
                0x0000000000005dd0       0x2c /home/arduino/ArduinoApps/betaal/.cache/sketch/core/core.a(zephyrSerial.cpp.o)
                0x0000000000005dd0                arduino::ZephyrSerial::flush()
 .text._ZN7arduino12ZephyrSerial5writeEPKhj
                0x0000000000005dfc       0x70 /home/arduino/ArduinoApps/betaal/.cache/sketch/core/core.a(zephyrSerial.cpp.o)
                0x0000000000005dfc                arduino::ZephyrSerial::write(unsigned char const*, unsigned int)
 .text._ZN7arduino12ZephyrSerial10IrqHandlerEv
                0x0000000000005e6c       0xec /home/arduino/ArduinoApps/betaal/.cache/sketch/core/core.a(zephyrSerial.cpp.o)
                0x0000000000005e6c                arduino::ZephyrSerial::IrqHandler()
 .text._ZN7arduino12ZephyrSerial11IrqDispatchEPK6devicePv
                0x0000000000005f58        0xc /home/arduino/ArduinoApps/betaal/.cache/sketch/core/core.a(zephyrSerial.cpp.o)
                0x0000000000005f58                arduino::ZephyrSerial::IrqDispatch(device const*, void*)
 .text._ZN7arduino12ZephyrSerial18ZephyrSerialBufferILi64EEC2Ev
                0x0000000000005f64       0x28 /home/arduino/ArduinoApps/betaal/.cache/sketch/core/core.a(zephyrSerial.cpp.o)
                0x0000000000005f64                arduino::ZephyrSerial::ZephyrSerialBuffer<64>::ZephyrSerialBuffer()
                0x0000000000005f64                arduino::ZephyrSerial::ZephyrSerialBuffer<64>::ZephyrSerialBuffer()
 .text._GLOBAL__sub_I__ZN7arduino12ZephyrSerial5beginEmt
                0x0000000000005f8c       0x7c /home/arduino/ArduinoApps/betaal/.cache/sketch/core/core.a(zephyrSerial.cpp.o)
 .text.unlikely._ZSt17__throw_bad_allocv
                0x0000000000006008        0x6 /home/arduino/.arduino15/packages/zephyr/tools/arm-zephyr-eabi/0.16.8/bin/../lib/gcc/arm-zephyr-eabi/12.2.0/../../../../arm-zephyr-eabi/lib/thumb/v8-m.main+fp/hard/libstdc++_nano.a(functexcept.o)
                0x0000000000006008                std::__throw_bad_alloc()
 .text.unlikely._ZSt20__throw_length_errorPKc
                0x000000000000600e        0x6 /home/arduino/.arduino15/packages/zephyr/tools/arm-zephyr-eabi/0.16.8/bin/../lib/gcc/arm-zephyr-eabi/12.2.0/../../../../arm-zephyr-eabi/lib/thumb/v8-m.main+fp/hard/libstdc++_nano.a(functexcept.o)
                0x000000000000600e                std::__throw_length_error(char const*)
 *(.text.*)
 *(.text._*)
 *(.init)
 *(.ctors)
 *(.dtors)
 *(.fini)

.static_thread_data_area
                0x0000000000006014        0x0
                0x0000000000006014                __static_thread_data_list_start = .
 *(.static_thread_data_area SORT_BY_NAME(.__static_thread_data.*))
                0x0000000000006014                __static_thread_data_list_end = .

.data           0x0000000000006014       0x1c
 *(.data .data.*)
 .data._ZL16target_callbacks
                0x0000000000006014       0x1c /home/arduino/ArduinoApps/betaal/.cache/sketch/libraries/Wire/Wire.cpp.o

.bss            0x0000000000006030      0xe14
 *(.bss .bss.* COMMON)
 .bss._ZGVN12RouterBridge3HCIE
                0x0000000000006030        0x4 /home/arduino/ArduinoApps/betaal/.cache/sketch/sketch/sketch.ino.cpp.o
                0x0000000000006030                guard variable for RouterBridge::HCI
 .bss._ZGVZN7arduino7msgpack8Unpacker10from_arrayIJRiRNS_6StringEEEEbDpOT_E2sz
                0x0000000000006034        0x4 /home/arduino/ArduinoApps/betaal/.cache/sketch/sketch/sketch.ino.cpp.o
                0x0000000000006034                guard variable for arduino::msgpack::Unpacker::from_array<int&, arduino::String&>(int&, arduino::String&)::sz
 .bss._ZZN7arduino7msgpack8Unpacker10from_arrayIJRiRNS_6StringEEEEbDpOT_E2sz
                0x0000000000006038        0x4 /home/arduino/ArduinoApps/betaal/.cache/sketch/sketch/sketch.ino.cpp.o
                0x0000000000006038                arduino::msgpack::Unpacker::from_array<int&, arduino::String&>(int&, arduino::String&)::sz
 .bss.last_ping_time
                0x000000000000603c        0x4 /home/arduino/ArduinoApps/betaal/.cache/sketch/sketch/sketch.ino.cpp.o
                0x000000000000603c                last_ping_time
 .bss._ZN12RouterBridge3HCIE
                0x0000000000006040       0x28 /home/arduino/ArduinoApps/betaal/.cache/sketch/sketch/sketch.ino.cpp.o
                0x0000000000006040                RouterBridge::HCI
 .bss._ZGVZN17RpcDecoderManager11getInstanceEvE8instance
                0x0000000000006068        0x4 /home/arduino/ArduinoApps/betaal/.cache/sketch/sketch/sketch.ino.cpp.o
                0x0000000000006068                guard variable for RpcDecoderManager::getInstance()::instance
 .bss._ZZN17RpcDecoderManager11getInstanceEvE8instance
                0x000000000000606c       0x1c /home/arduino/ArduinoApps/betaal/.cache/sketch/sketch/sketch.ino.cpp.o
                0x000000000000606c                RpcDecoderManager::getInstance()::instance
 .bss._ZZN8RpcUtils6detail12unpackObjectERN7arduino7msgpack8UnpackerEE1t
                0x0000000000006088       0x10 /home/arduino/ArduinoApps/betaal/.cache/sketch/sketch/sketch.ino.cpp.o
                0x0000000000006088                RpcUtils::detail::unpackObject(arduino::msgpack::Unpacker&)::t
 .bss._ZGVZN8RpcUtils6detail12unpackObjectERN7arduino7msgpack8UnpackerEE1e
                0x0000000000006098        0x4 /home/arduino/ArduinoApps/betaal/.cache/sketch/sketch/sketch.ino.cpp.o
                0x0000000000006098                guard variable for RpcUtils::detail::unpackObject(arduino::msgpack::Unpacker&)::e
 .bss._ZZN8RpcUtils6detail12unpackObjectERN7arduino7msgpack8UnpackerEE1e
                0x000000000000609c        0xc /home/arduino/ArduinoApps/betaal/.cache/sketch/sketch/sketch.ino.cpp.o
                0x000000000000609c                RpcUtils::detail::unpackObject(arduino::msgpack::Unpacker&)::e
 .bss._ZZN8RpcUtils6detail12unpackObjectERN7arduino7msgpack8UnpackerEE6map_sz
                0x00000000000060a8        0x4 /home/arduino/ArduinoApps/betaal/.cache/sketch/sketch/sketch.ino.cpp.o
                0x00000000000060a8                RpcUtils::detail::unpackObject(arduino::msgpack::Unpacker&)::map_sz
 .bss._ZZN8RpcUtils6detail12unpackObjectERN7arduino7msgpack8UnpackerEE6arr_sz
                0x00000000000060ac        0x4 /home/arduino/ArduinoApps/betaal/.cache/sketch/sketch/sketch.ino.cpp.o
                0x00000000000060ac                RpcUtils::detail::unpackObject(arduino::msgpack::Unpacker&)::arr_sz
 .bss._ZGVZN8RpcUtils6detail12unpackObjectERN7arduino7msgpack8UnpackerEE5bytes
                0x00000000000060b0        0x4 /home/arduino/ArduinoApps/betaal/.cache/sketch/sketch/sketch.ino.cpp.o
                0x00000000000060b0                guard variable for RpcUtils::detail::unpackObject(arduino::msgpack::Unpacker&)::bytes
 .bss._ZZN8RpcUtils6detail12unpackObjectERN7arduino7msgpack8UnpackerEE5bytes
                0x00000000000060b4        0xc /home/arduino/ArduinoApps/betaal/.cache/sketch/sketch/sketch.ino.cpp.o
                0x00000000000060b4                RpcUtils::detail::unpackObject(arduino::msgpack::Unpacker&)::bytes
 .bss._ZGVZN8RpcUtils6detail12unpackObjectERN7arduino7msgpack8UnpackerEE6string
                0x00000000000060c0        0x4 /home/arduino/ArduinoApps/betaal/.cache/sketch/sketch/sketch.ino.cpp.o
                0x00000000000060c0                guard variable for RpcUtils::detail::unpackObject(arduino::msgpack::Unpacker&)::string
 .bss._ZZN8RpcUtils6detail12unpackObjectERN7arduino7msgpack8UnpackerEE6string
                0x00000000000060c4        0xc /home/arduino/ArduinoApps/betaal/.cache/sketch/sketch/sketch.ino.cpp.o
                0x00000000000060c4                RpcUtils::detail::unpackObject(arduino::msgpack::Unpacker&)::string
 .bss._ZZN8RpcUtils6detail12unpackObjectERN7arduino7msgpack8UnpackerEE5num64
                0x00000000000060d0        0x8 /home/arduino/ArduinoApps/betaal/.cache/sketch/sketch/sketch.ino.cpp.o
                0x00000000000060d0                RpcUtils::detail::unpackObject(arduino::msgpack::Unpacker&)::num64
 .bss._ZZN8RpcUtils6detail12unpackObjectERN7arduino7msgpack8UnpackerEE5num32
                0x00000000000060d8        0x4 /home/arduino/ArduinoApps/betaal/.cache/sketch/sketch/sketch.ino.cpp.o
                0x00000000000060d8                RpcUtils::detail::unpackObject(arduino::msgpack::Unpacker&)::num32
 .bss._ZZN8RpcUtils6detail12unpackObjectERN7arduino7msgpack8UnpackerEE7integer
                0x00000000000060dc        0x4 /home/arduino/ArduinoApps/betaal/.cache/sketch/sketch/sketch.ino.cpp.o
                0x00000000000060dc                RpcUtils::detail::unpackObject(arduino::msgpack::Unpacker&)::integer
 .bss._ZZN8RpcUtils6detail12unpackObjectERN7arduino7msgpack8UnpackerEE1b
                0x00000000000060e0        0x1 /home/arduino/ArduinoApps/betaal/.cache/sketch/sketch/sketch.ino.cpp.o
                0x00000000000060e0                RpcUtils::detail::unpackObject(arduino::msgpack::Unpacker&)::b
 .bss._ZZN8RpcUtils6detail12unpackObjectERN7arduino7msgpack8UnpackerEE3nil
                0x00000000000060e1        0x1 /home/arduino/ArduinoApps/betaal/.cache/sketch/sketch/sketch.ino.cpp.o
                0x00000000000060e1                RpcUtils::detail::unpackObject(arduino::msgpack::Unpacker&)::nil
 *fill*         0x00000000000060e2        0x2 
 .bss.Wire2     0x00000000000060e4      0x254 /home/arduino/ArduinoApps/betaal/.cache/sketch/libraries/Wire/Wire.cpp.o
                0x00000000000060e4                Wire2
 .bss.Wire1     0x0000000000006338      0x254 /home/arduino/ArduinoApps/betaal/.cache/sketch/libraries/Wire/Wire.cpp.o
                0x0000000000006338                Wire1
 .bss.Wire      0x000000000000658c      0x254 /home/arduino/ArduinoApps/betaal/.cache/sketch/libraries/Wire/Wire.cpp.o
                0x000000000000658c                Wire
 .bss.Monitor   0x00000000000067e0      0x238 /home/arduino/ArduinoApps/betaal/.cache/sketch/libraries/Arduino_RouterBridge/singletons.cpp.o
                0x00000000000067e0                Serial
                0x00000000000067e0                Monitor
 .bss.Bridge    0x0000000000006a18      0x168 /home/arduino/ArduinoApps/betaal/.cache/sketch/libraries/Arduino_RouterBridge/singletons.cpp.o
                0x0000000000006a18                Bridge
 .bss.Serial3   0x0000000000006b80       0xec /home/arduino/ArduinoApps/betaal/.cache/sketch/core/core.a(zephyrSerial.cpp.o)
                0x0000000000006b80                Serial3
 .bss.Serial2   0x0000000000006c6c       0xec /home/arduino/ArduinoApps/betaal/.cache/sketch/core/core.a(zephyrSerial.cpp.o)
                0x0000000000006c6c                Serial2
 .bss.Serial1   0x0000000000006d58       0xec /home/arduino/ArduinoApps/betaal/.cache/sketch/core/core.a(zephyrSerial.cpp.o)
                0x0000000000006d58                Serial1
 *(.noinit .noinit.*)

.exported_sym   0x0000000000006e44        0x8
 *(.exported_sym)
 .exported_sym  0x0000000000006e44        0x8 /home/arduino/ArduinoApps/betaal/.cache/sketch/core/core.a(main.cpp.o)
 *(.exported_sym.*)

.rodata._ZN8RpcErrorC2Ev.str1.1
                0x0000000000000000        0x2
 .rodata._ZN8RpcErrorC2Ev.str1.1
                0x0000000000000000        0x1 /home/arduino/ArduinoApps/betaal/.cache/sketch/sketch/sketch.ino.cpp.o
 .rodata._ZN8RpcErrorC2Ev.str1.1
                0x0000000000000001        0x1 /home/arduino/ArduinoApps/betaal/.cache/sketch/libraries/Arduino_RouterBridge/singletons.cpp.o

.rodata._ZNSt6vectorIjSaIjEE17_M_realloc_insertIJRjEEEvN9__gnu_cxx17__normal_iteratorIPjS1_EEDpOT_.str1.1
                0x0000000000000000       0x34
 .rodata._ZNSt6vectorIjSaIjEE17_M_realloc_insertIJRjEEEvN9__gnu_cxx17__normal_iteratorIPjS1_EEDpOT_.str1.1
                0x0000000000000000       0x1a /home/arduino/ArduinoApps/betaal/.cache/sketch/sketch/sketch.ino.cpp.o
 .rodata._ZNSt6vectorIjSaIjEE17_M_realloc_insertIJRjEEEvN9__gnu_cxx17__normal_iteratorIPjS1_EEDpOT_.str1.1
                0x000000000000001a       0x1a /home/arduino/ArduinoApps/betaal/.cache/sketch/libraries/Arduino_RouterBridge/singletons.cpp.o

.rodata._ZN7RpcCallIJEEC2ERKN7arduino6StringEP9RPCClientP7k_mutexS8_.str1.1
                0x0000000000000000       0x1e
 .rodata._ZN7RpcCallIJEEC2ERKN7arduino6StringEP9RPCClientP7k_mutexS8_.str1.1
                0x0000000000000000       0x1e /home/arduino/ArduinoApps/betaal/.cache/sketch/sketch/sketch.ino.cpp.o

.rodata._ZN7RpcCallIJEE6resultIbEEbRT_.part.0.str1.1
                0x0000000000000000       0x21
 .rodata._ZN7RpcCallIJEE6resultIbEEbRT_.part.0.str1.1
                0x0000000000000000       0x21 /home/arduino/ArduinoApps/betaal/.cache/sketch/sketch/sketch.ino.cpp.o

.rodata._ZN10RpcDecoderILj1024EE12get_responseIbEEbjRT_R8RpcError.str1.1
                0x0000000000000000       0x7b
 .rodata._ZN10RpcDecoderILj1024EE12get_responseIbEEbjRT_R8RpcError.str1.1
                0x0000000000000000       0x7b /home/arduino/ArduinoApps/betaal/.cache/sketch/sketch/sketch.ino.cpp.o

.rodata._ZN7arduino7msgpack6object3extC2EaPKhj.str1.1
                0x0000000000000000       0x28
 .rodata._ZN7arduino7msgpack6object3extC2EaPKhj.str1.1
                0x0000000000000000       0x28 /home/arduino/ArduinoApps/betaal/.cache/sketch/sketch/sketch.ino.cpp.o

.rodata._ZN11BridgeClass11update_safeEv.str1.1
                0x0000000000000000        0x9
 .rodata._ZN11BridgeClass11update_safeEv.str1.1
                0x0000000000000000        0x9 /home/arduino/ArduinoApps/betaal/.cache/sketch/sketch/sketch.ino.cpp.o

.rodata._ZN11BridgeClass5beginEm.str1.1
                0x0000000000000000       0x45
 .rodata._ZN11BridgeClass5beginEm.str1.1
                0x0000000000000000       0x45 /home/arduino/ArduinoApps/betaal/.cache/sketch/sketch/sketch.ino.cpp.o

.rodata.setup.str1.1
                0x0000000000000000       0x18
 .rodata.setup.str1.1
                0x0000000000000000       0x18 /home/arduino/ArduinoApps/betaal/.cache/sketch/sketch/sketch.ino.cpp.o

.rodata.loop.str1.1
                0x0000000000000000       0x1c
 .rodata.loop.str1.1
                0x0000000000000000       0x1c /home/arduino/ArduinoApps/betaal/.cache/sketch/sketch/sketch.ino.cpp.o

.rodata._ZTV15SerialTransport
                0x0000000000000000       0x20
 .rodata._ZTV15SerialTransport
                0x0000000000000000       0x20 /home/arduino/ArduinoApps/betaal/.cache/sketch/sketch/sketch.ino.cpp.o
                0x0000000000000000                vtable for SerialTransport

.rodata._ZTVN7arduino9ZephyrI2CE
                0x0000000000000000       0x54
 .rodata._ZTVN7arduino9ZephyrI2CE
                0x0000000000000000       0x54 /home/arduino/ArduinoApps/betaal/.cache/sketch/libraries/Wire/Wire.cpp.o
                0x0000000000000000                vtable for arduino::ZephyrI2C

.rodata._ZN10RpcDecoderILj1024EE12get_responseIN7arduino7msgpack6object5nil_tEEEbjRT_R8RpcError.str1.1
                0x0000000000000000       0x7b
 .rodata._ZN10RpcDecoderILj1024EE12get_responseIN7arduino7msgpack6object5nil_tEEEbjRT_R8RpcError.str1.1
                0x0000000000000000       0x7b /home/arduino/ArduinoApps/betaal/.cache/sketch/libraries/Arduino_RouterBridge/singletons.cpp.o

.rodata._ZN13BridgeMonitorILj512EEcvbEv.str1.1
                0x0000000000000000       0x4d
 .rodata._ZN13BridgeMonitorILj512EEcvbEv.str1.1
                0x0000000000000000       0x4d /home/arduino/ArduinoApps/betaal/.cache/sketch/libraries/Arduino_RouterBridge/singletons.cpp.o

.rodata._ZN13BridgeMonitorILj512EE5writeEPKhj.str1.1
                0x0000000000000000        0xa
 .rodata._ZN13BridgeMonitorILj512EE5writeEPKhj.str1.1
                0x0000000000000000        0xa /home/arduino/ArduinoApps/betaal/.cache/sketch/libraries/Arduino_RouterBridge/singletons.cpp.o

.rodata._ZN13BridgeMonitorILj512EE5_readEj.str1.1
                0x0000000000000000        0x9
 .rodata._ZN13BridgeMonitorILj512EE5_readEj.str1.1
                0x0000000000000000        0x9 /home/arduino/ArduinoApps/betaal/.cache/sketch/libraries/Arduino_RouterBridge/singletons.cpp.o

.rodata._ZTV13BridgeMonitorILj512EE
                0x0000000000000000       0x24
 .rodata._ZTV13BridgeMonitorILj512EE
                0x0000000000000000       0x24 /home/arduino/ArduinoApps/betaal/.cache/sketch/libraries/Arduino_RouterBridge/singletons.cpp.o
                0x0000000000000000                vtable for BridgeMonitor<512u>

.rodata._ZN7arduino5Print7printlnEv.str1.1
                0x0000000000000000        0x3
 .rodata._ZN7arduino5Print7printlnEv.str1.1
                0x0000000000000000        0x3 /home/arduino/ArduinoApps/betaal/.cache/sketch/core/core.a(Print.cpp.o)

.rodata._ZN7arduino5Print10printFloatEdi.str1.1
                0x0000000000000000        0xe
 .rodata._ZN7arduino5Print10printFloatEdi.str1.1
                0x0000000000000000        0xe /home/arduino/ArduinoApps/betaal/.cache/sketch/core/core.a(Print.cpp.o)

.rodata.str1.1  0x0000000000000000       0x51
 .rodata.str1.1
                0x0000000000000000       0x51 /home/arduino/ArduinoApps/betaal/.cache/sketch/core/core.a(main.cpp.o)

.rodata._ZN6zephyr7arduinoL12arduino_pinsE
                0x0000000000000000      0x230
 .rodata._ZN6zephyr7arduinoL12arduino_pinsE
                0x0000000000000000      0x230 /home/arduino/ArduinoApps/betaal/.cache/sketch/core/core.a(wiring_digital.cpp.o)

.rodata._ZN6zephyr7arduinoL11pinctrl_mapE
                0x0000000000000000       0x88
 .rodata._ZN6zephyr7arduinoL11pinctrl_mapE
                0x0000000000000000       0x88 /home/arduino/ArduinoApps/betaal/.cache/sketch/core/core.a(zephyrPinctrl.cpp.o)

.rodata._ZN6zephyr7arduinoL39__pinctrl_dev_config__device_dts_ord_55E
                0x0000000000000000        0x8
 .rodata._ZN6zephyr7arduinoL39__pinctrl_dev_config__device_dts_ord_55E
                0x0000000000000000        0x8 /home/arduino/ArduinoApps/betaal/.cache/sketch/core/core.a(zephyrPinctrl.cpp.o)

.rodata._ZN6zephyr7arduinoL35__pinctrl_states__device_dts_ord_55E
                0x0000000000000000        0x8
 .rodata._ZN6zephyr7arduinoL35__pinctrl_states__device_dts_ord_55E
                0x0000000000000000        0x8 /home/arduino/ArduinoApps/betaal/.cache/sketch/core/core.a(zephyrPinctrl.cpp.o)

.rodata._ZN6zephyr7arduinoL41__pinctrl_state_pins_0__device_dts_ord_55E
                0x0000000000000000       0x10